
[2026-10-01T17:11:57.253Z] Broadcast for $ACN:
[SocialDistribution] Starting broadcast for $ACN (https://equisight-alpha.com/reports/acn-gain-19-percent-fundamental-analysis)...
[Twitter] Mock mode active: Generated thread for $ACN:
   [Tweet 1] 1/3 📊 $ACN closed the session +18.5% at $217.38 on volume of 19.7M shares. Here is our fundamental & valuation breakdown: 🧵👇
   [Tweet 2] 2/3 🔍 Fundamentals at a glance: Trailing P/E of 30.0, TTM Revenue of $35.0B with an operating margin of 15.6% and $3.6B in Free Cash Flow.
   [Tweet 3] 3/3 ⚖️ Balance sheet carries $-3.0B in net debt with 10Y Yields at 4.22%. Read the full evidence-based deep dive: https://equisight-alpha.com/reports/acn-gain-19-percent-fundamental-analysis
[Reddit] Mock mode active: Title: "[Deep Dive] $ACN: Fundamental & Balance Sheet Breakdown Following Today's +18.5% Move" to r/stocks
[Telegram] Mock mode: Broadcast payload: 🚨 **$ACN Session Analysis**: Accenture plc shifted +18.5% to $217.38. TTM Revenue: $35.0B | FCF: $3.6B. Read report: https://equisight-alpha.com/reports/acn-gain-19-percent-fundamental-analysis

[2026-10-01T17:11:57.587Z] Broadcast for $EFXT:
[SocialDistribution] Starting broadcast for $EFXT (https://equisight-alpha.com/reports/efxt-gain-13-percent-fundamental-analysis)...
[Twitter] Mock mode active: Generated thread for $EFXT:
   [Tweet 1] 1/3 📊 $EFXT closed the session +12.6% at $25.67 on volume of 1.2M shares. Here is our fundamental & valuation breakdown: 🧵👇
   [Tweet 2] 2/3 🔍 Fundamentals at a glance: Trailing P/E of 19.0, TTM Revenue of $46.0B with an operating margin of 29.9% and $9.0B in Free Cash Flow.
   [Tweet 3] 3/3 ⚖️ Balance sheet carries $-7.0B in net debt with 10Y Yields at 4.22%. Read the full evidence-based deep dive: https://equisight-alpha.com/reports/efxt-gain-13-percent-fundamental-analysis
[Reddit] Mock mode active: Title: "[Deep Dive] $EFXT: Fundamental & Balance Sheet Breakdown Following Today's +12.6% Move" to r/stocks
[Telegram] Mock mode: Broadcast payload: 🚨 **$EFXT Session Analysis**: Enerflex Ltd shifted +12.6% to $25.67. TTM Revenue: $46.0B | FCF: $9.0B. Read report: https://equisight-alpha.com/reports/efxt-gain-13-percent-fundamental-analysis

[2026-10-01T17:11:57.748Z] Broadcast for $FICO:
[SocialDistribution] Starting broadcast for $FICO (https://equisight-alpha.com/reports/fico-gain-12-percent-fundamental-analysis)...
[Twitter] Mock mode active: Generated thread for $FICO:
   [Tweet 1] 1/3 📊 $FICO closed the session +11.7% at $661.99 on volume of 1.8M shares. Here is our fundamental & valuation breakdown: 🧵👇
   [Tweet 2] 2/3 🔍 Fundamentals at a glance: Trailing P/E of 25.0, TTM Revenue of $24.0B with an operating margin of 20.8% and $3.3B in Free Cash Flow.
   [Tweet 3] 3/3 ⚖️ Balance sheet carries $7.0B in net debt with 10Y Yields at 4.22%. Read the full evidence-based deep dive: https://equisight-alpha.com/reports/fico-gain-12-percent-fundamental-analysis
[Reddit] Mock mode active: Title: "[Deep Dive] $FICO: Fundamental & Balance Sheet Breakdown Following Today's +11.7% Move" to r/stocks
[Telegram] Mock mode: Broadcast payload: 🚨 **$FICO Session Analysis**: Fair Isaac Corporation shifted +11.7% to $661.99. TTM Revenue: $24.0B | FCF: $3.3B. Read report: https://equisight-alpha.com/reports/fico-gain-12-percent-fundamental-analysis

[2026-10-01T17:11:57.969Z] Broadcast for $SNPS:
[SocialDistribution] Starting broadcast for $SNPS (https://equisight-alpha.com/reports/snps-gain-11-percent-fundamental-analysis)...
[Twitter] Mock mode active: Generated thread for $SNPS:
   [Tweet 1] 1/3 📊 $SNPS closed the session +11.1% at $483.00 on volume of 3.6M shares. Here is our fundamental & valuation breakdown: 🧵👇
   [Tweet 2] 2/3 🔍 Fundamentals at a glance: Trailing P/E of 32.0, TTM Revenue of $14.0B with an operating margin of 27.3% and $2.5B in Free Cash Flow.
   [Tweet 3] 3/3 ⚖️ Balance sheet carries $-1.0B in net debt with 10Y Yields at 4.22%. Read the full evidence-based deep dive: https://equisight-alpha.com/reports/snps-gain-11-percent-fundamental-analysis
[Reddit] Mock mode active: Title: "[Deep Dive] $SNPS: Fundamental & Balance Sheet Breakdown Following Today's +11.1% Move" to r/stocks
[Telegram] Mock mode: Broadcast payload: 🚨 **$SNPS Session Analysis**: Synopsys, Inc. shifted +11.1% to $483.00. TTM Revenue: $14.0B | FCF: $2.5B. Read report: https://equisight-alpha.com/reports/snps-gain-11-percent-fundamental-analysis

[2026-10-01T17:11:58.204Z] Broadcast for $COHR:
[SocialDistribution] Starting broadcast for $COHR (https://equisight-alpha.com/reports/cohr-gain-11-percent-fundamental-analysis)...
[Twitter] Mock mode active: Generated thread for $COHR:
   [Tweet 1] 1/3 📊 $COHR closed the session +10.7% at $318.68 on volume of 7.8M shares. Here is our fundamental & valuation breakdown: 🧵👇
   [Tweet 2] 2/3 🔍 Fundamentals at a glance: Trailing P/E of 36.0, TTM Revenue of $35.0B with an operating margin of 15.6% and $3.6B in Free Cash Flow.
   [Tweet 3] 3/3 ⚖️ Balance sheet carries $-5.0B in net debt with 10Y Yields at 4.22%. Read the full evidence-based deep dive: https://equisight-alpha.com/reports/cohr-gain-11-percent-fundamental-analysis
[Reddit] Mock mode active: Title: "[Deep Dive] $COHR: Fundamental & Balance Sheet Breakdown Following Today's +10.7% Move" to r/stocks
[Telegram] Mock mode: Broadcast payload: 🚨 **$COHR Session Analysis**: Coherent Corp. shifted +10.7% to $318.68. TTM Revenue: $35.0B | FCF: $3.6B. Read report: https://equisight-alpha.com/reports/cohr-gain-11-percent-fundamental-analysis

[2026-10-01T17:11:58.357Z] Broadcast for $CTVA:
[SocialDistribution] Starting broadcast for $CTVA (https://equisight-alpha.com/reports/ctva-loss-85-percent-fundamental-analysis)...
[Twitter] Mock mode active: Generated thread for $CTVA:
   [Tweet 1] 1/3 📊 $CTVA closed the session -84.5% at $12.03 on volume of 52.1M shares. Here is our fundamental & valuation breakdown: 🧵👇
   [Tweet 2] 2/3 🔍 Fundamentals at a glance: Trailing P/E of 38.0, TTM Revenue of $37.0B with an operating margin of 18.2% and $4.4B in Free Cash Flow.
   [Tweet 3] 3/3 ⚖️ Balance sheet carries $-5.0B in net debt with 10Y Yields at 4.22%. Read the full evidence-based deep dive: https://equisight-alpha.com/reports/ctva-loss-85-percent-fundamental-analysis
[Reddit] Mock mode active: Title: "[Deep Dive] $CTVA: Fundamental & Balance Sheet Breakdown Following Today's -84.5% Move" to r/stocks
[Telegram] Mock mode: Broadcast payload: 🚨 **$CTVA Session Analysis**: Corteva, Inc. shifted -84.5% to $12.03. TTM Revenue: $37.0B | FCF: $4.4B. Read report: https://equisight-alpha.com/reports/ctva-loss-85-percent-fundamental-analysis

[2026-10-01T17:11:58.591Z] Broadcast for $LQDA:
[SocialDistribution] Starting broadcast for $LQDA (https://equisight-alpha.com/reports/lqda-loss-13-percent-fundamental-analysis)...
[Twitter] Mock mode active: Generated thread for $LQDA:
   [Tweet 1] 1/3 📊 $LQDA closed the session -13.3% at $26.23 on volume of 15.0M shares. Here is our fundamental & valuation breakdown: 🧵👇
   [Tweet 2] 2/3 🔍 Fundamentals at a glance: Trailing P/E of 26.0, TTM Revenue of $25.0B with an operating margin of 22.1% and $3.6B in Free Cash Flow.
   [Tweet 3] 3/3 ⚖️ Balance sheet carries $-3.0B in net debt with 10Y Yields at 4.22%. Read the full evidence-based deep dive: https://equisight-alpha.com/reports/lqda-loss-13-percent-fundamental-analysis
[Reddit] Mock mode active: Title: "[Deep Dive] $LQDA: Fundamental & Balance Sheet Breakdown Following Today's -13.3% Move" to r/stocks
[Telegram] Mock mode: Broadcast payload: 🚨 **$LQDA Session Analysis**: Liquidia Corporation shifted -13.3% to $26.23. TTM Revenue: $25.0B | FCF: $3.6B. Read report: https://equisight-alpha.com/reports/lqda-loss-13-percent-fundamental-analysis

[2026-10-01T17:11:58.809Z] Broadcast for $PSKY:
[SocialDistribution] Starting broadcast for $PSKY (https://equisight-alpha.com/reports/psky-loss-8-percent-fundamental-analysis)...
[Twitter] Mock mode active: Generated thread for $PSKY:
   [Tweet 1] 1/3 📊 $PSKY closed the session -8.1% at $9.49 on volume of 23.9M shares. Here is our fundamental & valuation breakdown: 🧵👇
   [Tweet 2] 2/3 🔍 Fundamentals at a glance: Trailing P/E of 35.0, TTM Revenue of $17.0B with an operating margin of 31.2% and $3.5B in Free Cash Flow.
   [Tweet 3] 3/3 ⚖️ Balance sheet carries $-1.0B in net debt with 10Y Yields at 4.22%. Read the full evidence-based deep dive: https://equisight-alpha.com/reports/psky-loss-8-percent-fundamental-analysis
[Reddit] Mock mode active: Title: "[Deep Dive] $PSKY: Fundamental & Balance Sheet Breakdown Following Today's -8.1% Move" to r/stocks
[Telegram] Mock mode: Broadcast payload: 🚨 **$PSKY Session Analysis**: Paramount Skydance Corporation shifted -8.1% to $9.49. TTM Revenue: $17.0B | FCF: $3.5B. Read report: https://equisight-alpha.com/reports/psky-loss-8-percent-fundamental-analysis

[2026-10-01T17:11:58.963Z] Broadcast for $GRND:
[SocialDistribution] Starting broadcast for $GRND (https://equisight-alpha.com/reports/grnd-loss-8-percent-fundamental-analysis)...
[Twitter] Mock mode active: Generated thread for $GRND:
   [Tweet 1] 1/3 📊 $GRND closed the session -8.0% at $14.19 on volume of 2.4M shares. Here is our fundamental & valuation breakdown: 🧵👇
   [Tweet 2] 2/3 🔍 Fundamentals at a glance: Trailing P/E of 35.0, TTM Revenue of $34.0B with an operating margin of 33.8% and $7.5B in Free Cash Flow.
   [Tweet 3] 3/3 ⚖️ Balance sheet carries $5.0B in net debt with 10Y Yields at 4.22%. Read the full evidence-based deep dive: https://equisight-alpha.com/reports/grnd-loss-8-percent-fundamental-analysis
[Reddit] Mock mode active: Title: "[Deep Dive] $GRND: Fundamental & Balance Sheet Breakdown Following Today's -8.0% Move" to r/stocks
[Telegram] Mock mode: Broadcast payload: 🚨 **$GRND Session Analysis**: Grindr Inc. shifted -8.0% to $14.19. TTM Revenue: $34.0B | FCF: $7.5B. Read report: https://equisight-alpha.com/reports/grnd-loss-8-percent-fundamental-analysis

[2026-10-01T17:11:59.196Z] Broadcast for $SECZ:
[SocialDistribution] Starting broadcast for $SECZ (https://equisight-alpha.com/reports/secz-loss-8-percent-fundamental-analysis)...
[Twitter] Mock mode active: Generated thread for $SECZ:
   [Tweet 1] 1/3 📊 $SECZ closed the session -7.6% at $13.48 on volume of 1.8M shares. Here is our fundamental & valuation breakdown: 🧵👇
   [Tweet 2] 2/3 🔍 Fundamentals at a glance: Trailing P/E of 17.0, TTM Revenue of $44.0B with an operating margin of 27.3% and $7.9B in Free Cash Flow.
   [Tweet 3] 3/3 ⚖️ Balance sheet carries $3.0B in net debt with 10Y Yields at 4.22%. Read the full evidence-based deep dive: https://equisight-alpha.com/reports/secz-loss-8-percent-fundamental-analysis
[Reddit] Mock mode active: Title: "[Deep Dive] $SECZ: Fundamental & Balance Sheet Breakdown Following Today's -7.6% Move" to r/stocks
[Telegram] Mock mode: Broadcast payload: 🚨 **$SECZ Session Analysis**: Securitize Corp. shifted -7.6% to $13.48. TTM Revenue: $44.0B | FCF: $7.9B. Read report: https://equisight-alpha.com/reports/secz-loss-8-percent-fundamental-analysis

[2026-10-02T02:54:09.049Z] Broadcast for $MAT:
[SocialDistribution] Starting broadcast for $MAT (https://equisight-alpha.com/reports/mattel-mat-surges-takeover-buzz-fundamental-valuation-deep-dive)...
[Twitter] Mock mode active: Generated thread for $MAT:
   [Tweet 1] 1/3: $MAT surged +18.80% today to $15.04 on massive abnormal volume (35.66M shares vs. 4.91M 3M avg) following reports of a $6B+ takeover interest from Authentic Brands. Here is the institutional breakdown of the fundamentals behind the move. 🧵👇
   [Tweet 2] 2/3: Fundamental check on $MAT: TTM Revenue stands at $5.35B with a 48.5% Gross Margin and 16.9% Operating Margin. While total debt is $8.00B, cash reserves of $5.00B bring Net Debt to $3.00B with a Current Ratio of 1.85. Trailing P/E sits at 18x with a PEG of 1.0.
   [Tweet 3] 3/3: Valuation context: EV/EBITDA is 13.5x with ROIC at 14.8% and TTM FCF at $0.34B. With US 10Y yields at 4.22% and Fed Funds at 4.75%, can IP licensing support balance sheet optimization? Read our institutional deep dive: [Link Placeholder]
[Reddit] Mock mode active: Title: "[Deep Dive] $MAT: Fundamental & Solvency Breakdown Following Today's +18.8% Move" to r/stocks
[Telegram] Mock mode: Broadcast payload: 🚨 **$MAT Flash Alert**: Mattel, Inc. moved **+18.80%** to **$15.04** on **35.66M shares** (7.26x average volume) amid reported $6B+ takeover interest from Authentic Brands.

📊 **Key Metrics:**
• Revenue (TTM): $5.35B
• P/E: 18.0x | Forward P/E: 15.5x | PEG: 1.0x
• Gross Margin: 48.5% | Operating Margin: 16.9%
• Cash: $5.00B vs. Total Debt: $8.00B (Net Debt: $3.00B)
• FCF: $0.34B | Current Ratio: 1.85 | ROIC: 14.8%

⚖️ **Analysis:** Speculative M&A momentum meets solid liquidity. Monitor whether binding terms emerge to validate current multiple expansion.

[2026-10-02T02:55:19.406Z] Broadcast for $INOD:
[SocialDistribution] Starting broadcast for $INOD (https://equisight-alpha.com/reports/innodata-inod-surges-fundamental-valuation-deep-dive)...
[Twitter] Mock mode active: Generated thread for $INOD:
   [Tweet 1] 1/3 📊 $INOD surged +9.26% today to $71.85 on 2.43M shares (80.5% above 3M average). The move follows reports linking Innodata's data engineering services to Meta's Muse AI initiative alongside an analyst rating upgrade following a 45% pullback. Here is the fundamental breakdown 🧵
   [Tweet 2] 2/3 🔍 Fundamentals check for $INOD:
• TTM Revenue: $0.09B ($86.8M)
• Gross Margin: 48.5% | Operating Margin: 32.5%
• TTM Net Income: $0.03B | FCF: $0.03B ($27.4M)
• Trailing P/E: 34.0x | Forward P/E: 31.5x | EV/EBITDA: 25.5x
• Balance Sheet: $5.00B Cash vs $10.00B Debt (Current Ratio 1.85).
   [Tweet 3] 3/3 ⚖️ Macro & Valuation: With US 10Y yields at 4.22% and Fed Funds at 4.75%, elevated discount rates keep high-multiple tech under scrutiny (PEG: 1.89). While unit profitability is high, valuation multiples demand flawless execution. Full fundamental deep dive: [Link Placeholder]

#StockMarket #Equities #AI
[Reddit] Mock mode active: Title: "[Deep Dive] $INOD: Fundamental Breakdown Following Today's 9.3% Move" to r/stocks
[Telegram] Mock mode: Broadcast payload: 🚨 **$INOD Alert**: Innodata Inc. moved **+9.26%** today to **$71.85** on **2.43M shares** (1.81x avg volume).

• **Core Catalyst**: Analyst upgrade post-pullback & reports linking data services to Meta's Muse AI.
• **Fundamentals**: TTM Rev $0.09B | Gross Margin 48.5% | Operating Margin 32.5% | FCF $0.03B.
• **Valuation**: P/E 34.0x | Forward P/E 31.5x | EV/EBITDA 25.5x | PEG 1.89.
• **Solvency**: Cash $5.00B vs Debt $10.00B (Current Ratio 1.85).

*General educational research. Not investment advice.*

[2026-10-02T02:55:57.819Z] Broadcast for $GWRE:
[SocialDistribution] Starting broadcast for $GWRE (https://equisight-alpha.com/reports/guidewire-software-gwre-surges-fundamental-valuation-deep-dive)...
[Twitter] Mock mode active: Generated thread for $GWRE:
   [Tweet 1] 1/3 📊 $GWRE (Guidewire Software) moved +8.94% today to $155.32 on heavy volume of 1.57M shares (vs 1.34M 3M avg). Discussion volume surged +145.2% with 95% bullish sentiment. Here is an institutional deep dive into the fundamental numbers: 🧵👇
   [Tweet 2] 2/3 🔍 Operational & Valuation Highlights:
• Trailing P/E: 17.0x | Forward P/E: 14.5x
• PEG Ratio: 0.94 (Sub-1.0 suggests valuation discount vs growth)
• Operating Margin: 27.3% | Gross Margin: 48.5%
• TTM FCF: $0.12B on $0.72B revenue
• ROIC: 14.8% | Dividend Yield: 2.70%
$GWRE
   [Tweet 3] 3/3 ⚖️ Balance Sheet & Macro Check:
• Cash: $8.00B vs Debt: $11.00B (Net Debt: $3.00B)
• Current Ratio: 1.85 | D/E: 0.13
With the 10Y yield at 4.22% and Fed Funds at 4.75%, how does $GWRE's balance sheet hold up? Read the full fundamental breakdown here: [Link]
[Reddit] Mock mode active: Title: "[Deep Dive] $GWRE: Fundamental Breakdown Following Today's 8.94% Move" to r/stocks
[Telegram] Mock mode: Broadcast payload: 🚨 **$GWRE Alert**: Guidewire Software, Inc. moved +8.94% today to close at $155.32 on volume of 1,571,491 shares. Trailing P/E stands at 17.0x with a Forward P/E of 14.5x (PEG: 0.94). TTM Revenue is $0.72B with an operating margin of 27.3% and $0.12B in Free Cash Flow. Net debt sits at $3.00B against $8.00B in cash. Full institutional fundamental breakdown available.

[2026-10-02T02:56:28.136Z] Broadcast for $AAOI:
[SocialDistribution] Starting broadcast for $AAOI (https://equisight-alpha.com/reports/aaoi-surge-fundamental-valuation-analysis)...
[Twitter] Mock mode active: Generated thread for $AAOI:
   [Tweet 1] $AAOI gained +8.12% today to close at $107.32 on 11.25M shares (vs 9.30M 3M avg). Despite trading below its 52-week low range ($110.20-$185.50), the optical hardware player is seeing renewed institutional focus. Here is what the balance sheet and valuation tell us. 🧵👇
   [Tweet 2] Fundamental check on $AAOI:
• TTM Revenue: $17.00B
• Gross Margin: 48.5% | Operating Margin: 31.2%
• TTM Net Income: $4.08B
• TTM Free Cash Flow: $3.47B (85.0% conversion)
• P/E: 18.0x (Forward 15.5x, PEG 1.00)
• Clean balance sheet: $5.0B cash vs $4.0B debt (-$1.0B net debt).
   [Tweet 3] Macro backdrop: With the 10Y Yield at 4.22% and Fed Funds at 4.75%, multiple expansion faces rate friction. However, with an ROIC of 14.8% and a 3.00% dividend yield, market participants are weighing valuation support vs optical capex cycles. Full institutional deep dive: [link]
[Reddit] Mock mode active: Title: "[Deep Dive] $AAOI: Fundamental Breakdown Following Today's 8.1% Move" to r/stocks
[Telegram] Mock mode: Broadcast payload: 🚨 **$AAOI Alert**: Applied Optoelectronics, Inc. moved +8.12% today to $107.32 on 11.25M volume (+21% vs 3M avg). Key fundamental breakdown: Market Cap $76.50B, P/E 18.0x (Fwd 15.5x, PEG 1.00), Gross Margin 48.5%, Operating Margin 31.2%, TTM FCF $3.47B on $17.00B Revenue, Net Cash $1.00B ($5.0B cash vs $4.0B debt), Dividend Yield 3.00%. Full deep dive available.

[2026-10-02T02:56:50.276Z] Broadcast for $CRDO:
[SocialDistribution] Starting broadcast for $CRDO (https://equisight-alpha.com/reports/crdo-surges-fundamental-valuation-analysis)...
[Twitter] Mock mode active: Generated thread for $CRDO:
   [Tweet 1] 1/3 📊 $CRDO broke out +7.90% to $210.17 today on 9.36M shares traded (vs 6.82M 3M avg), surpassing its prior 52-week ceiling ($110.20-$185.50). Institutional focus centered on potential index inclusion and high-speed connectivity tailwinds. Breakdown 👇
   [Tweet 2] 2/3 🔍 Fundamentals at a Glance:
• TTM Revenue: $1.34B (FY26 10-K)
• Gross Margin: 48.5% | Operating Margin: 29.9%
• FCF: $0.40B (85% net income conversion)
• ROIC: 14.8%
• Balance sheet holds $3.00B cash vs $8.00B debt (Net Debt: $5.00B, Current Ratio 1.85x).
   [Tweet 3] 3/3 ⚖️ Valuation & Macro Context:
With the US 10Y Yield at 4.22%, $CRDO trades at 32.0x Trailing P/E (29.5x Forward) and 24.0x EV/EBITDA with a 1.78 PEG. Strong operating efficiency meets elevated valuation scrutiny. Institutional research dive: [Report Link]
[Reddit] Mock mode active: Title: "[Deep Dive] $CRDO: Fundamental Breakdown Following Today's 7.9% Move" to r/stocks
[Telegram] Mock mode: Broadcast payload: 🚨 **$CRDO Alert**: Credo Technology Group Holding surged **+7.90%** to close at **$210.17** on heavy volume (9.36M vs 6.82M avg).

📌 **Key Fundamentals:**
• TTM Revenue: $1.34B | Net Income: $0.47B
• Operating Margin: 29.9% | Gross Margin: 48.5%
• TTM FCF: $0.40B | ROIC: 14.8%
• Trailing P/E: 32.0x | EV/EBITDA: 24.0x
• Cash: $3.00B | Total Debt: $8.00B (Current Ratio: 1.85x)

Macro context: 10Y Yield at 4.22% keeps discount rates elevated as market weighs index inclusion against multiple expansion.

[2026-10-02T02:57:23.303Z] Broadcast for $SLS:
[SocialDistribution] Starting broadcast for $SLS (https://equisight-alpha.com/reports/sls-stock-drops-valuation-fundamental-analysis)...
[Twitter] Mock mode active: Generated thread for $SLS:
   [Tweet 1] 1/3 🚨 $SLS dropped -7.96% today to close at $11.33 on 6.21M volume. Despite the pullback, SELLAS Life Sciences maintains a fortress balance sheet with $5.00B in cash vs $4.00B debt ($1.00B net cash position). Here is our institutional deep dive 🧵👇
   [Tweet 2] 2/3 📊 Core Financial Health Check ($SLS):
• TTM Revenue: $22.00B | Net Income: $3.08B
• Gross Margin: 48.5% | Operating Margin: 18.2%
• Free Cash Flow: $2.62B (85.1% conversion)
• Trailing P/E: 34.0x | Forward P/E: 31.5x
• Debt/Equity: 0.09 | Current Ratio: 1.85
   [Tweet 3] 3/3 ⚖️ Macro & Valuation Context:
With US 10Y Yields at 4.22% and Fed Funds at 4.75%, multiple compression is weighing on premium equities. Is the PEG of 1.89 and EV/EBITDA of 25.5x pricing in perfection, or does the $1.00B net cash offer asymmetric protection? Full analysis: [link placeholder]
[Reddit] Mock mode active: Title: "[Deep Dive] $SLS: Fundamental & Valuation Breakdown Following Today's -7.96% Move" to r/stocks
[Telegram] Mock mode: Broadcast payload: 🚨 **$SLS Alert**: SELLAS Life Sciences Group, Inc moved -7.96% today to close at $11.33. Valuation multiple recalibration drove the move amidst a 4.22% US 10Y Yield environment. Key fundamentals: $22.00B TTM Revenue, $2.62B FCF, 34.0x P/E, and a strong balance sheet with $5.00B in cash vs $4.00B debt ($1.00B net cash).

[2026-10-02T02:57:52.076Z] Broadcast for $RGEN:
[SocialDistribution] Starting broadcast for $RGEN (https://equisight-alpha.com/reports/rgen-drops-valuation-fundamental-deep-dive)...
[Twitter] Mock mode active: Generated thread for $RGEN:
   [Tweet 1] 1/3 📊 $RGEN dropped -7.80% today to close at $177.23 on 1.95M shares (76.6% above 3M average). The pullback follows technical resistance near its 52-week high of $185.50. Here is an institutional-grade breakdown of the balance sheet, margins, and valuation 👇
   [Tweet 2] 2/3 🔍 Fundamental Snapshot:
• Trailing P/E: 36.0x | Fwd P/E: 33.5x
• EV/EBITDA: 27.0x | PEG: 2.0
• Gross Margin: 48.5% | Operating Margin: 15.6%
• ROIC: 14.8%
• Balance Sheet: $7.00B cash vs $2.00B debt = -$5.00B Net Debt (D/E: 0.03)
• FCF: $0.04B with 100% revenue conversion.
   [Tweet 3] 3/3 ⚖️ Macro & Risk/Reward: With US 10Y Yields at 4.22% and Fed Funds at 4.75%, multiple compression remains a factor for growth equities. However, $RGEN's $5.00B net cash cushion and 1.80% dividend yield offer defensive liquidity. Full analytical report: [Link]
[Reddit] Mock mode active: Title: "[Deep Dive] $RGEN: Fundamental Breakdown Following Today's -7.8% Move" to r/stocks
[Telegram] Mock mode: Broadcast payload: 🚨 **$RGEN Alert**: Repligen Corporation fell -7.80% today to $177.23 on elevated volume of 1.95M shares (vs 1.10M avg). 

📊 **Key Financial Highlights**:
• Trailing P/E: 36.0x | Fwd P/E: 33.5x
• EV/EBITDA: 27.0x | PEG: 2.0
• Gross Margin: 48.5% | Operating Margin: 15.6%
• Net Debt: -$5.00B ($7.00B cash vs $2.00B debt)
• Current Ratio: 1.85 | ROIC: 14.8%
• Macro: US 10Y at 4.22% weighing on valuation multiples

Full deep dive available now.

[2026-10-02T02:59:09.865Z] Broadcast for $VRDN:
[SocialDistribution] Starting broadcast for $VRDN (https://equisight-alpha.com/reports/vrdn-drops-7-77-fundamental-valuation-deep-dive)...
[Twitter] Mock mode active: Generated thread for $VRDN:
   [Tweet 1] 1/3 📊 $VRDN Deep Dive: Viridian Therapeutics closed down -7.77% at $18.99 today on 3.38M shares—nearly 2x its 3-month avg volume (1.72M). Despite 100% bullish retail sentiment (+210.5% discussion delta), regular-session order flow saw notable distribution. Here is the fundamental breakdown:
   [Tweet 2] 2/3 🔬 Balance Sheet & Valuation Metrics: Viridian holds $5.00B in cash & equivalents vs $6.00B total debt ($1.00B net debt). With TTM FCF burn of -$0.29B, cash runway exceeds 17 years. Valuation remains balanced at 22.0x trailing P/E, 19.5x forward P/E, and a 1.22 PEG ratio (ROIC: 14.8%).
   [Tweet 3] 3/3 ⚖️ Macro & Asymmetry: The 10Y Yield at 4.22% and Fed Funds Rate at 4.75% keep hurdle rates elevated for long-duration biopharma. Key balance: massive liquidity runway vs commercialization execution in TED pipeline. Full institutional report: [https://stock-intel.internal/vrdn-drops-7-77-fundamental-valuation-deep-dive]
[Reddit] Mock mode active: Title: "[Deep Dive] $VRDN: Fundamental Breakdown Following Today's -7.8% Move" to r/stocks
[Telegram] Mock mode: Broadcast payload: 🚨 **$VRDN Market Alert**: Viridian Therapeutics, Inc. dropped -7.77% to $18.99 on 3.38M shares (1.97x 3M avg volume). Key Fundamentals: $5.00B Cash vs $6.00B Debt ($1.00B Net Debt), TTM FCF burn of -$0.29B (17+ yr runway). Valuation: 22.0x Trailing P/E, 19.5x Forward P/E, 1.22 PEG. Macro: 10Y Yield at 4.22%, Fed Funds at 4.75%.

[2026-10-02T03:00:31.262Z] Broadcast for $CAI:
[SocialDistribution] Starting broadcast for $CAI (https://equisight-alpha.com/reports/cai-drops-fundamental-valuation-deep-dive)...
[Twitter] Mock mode active: Generated thread for $CAI:
   [Tweet 1] $CAI Deep Dive: Caris Life Sciences dropped -7.44% today to close at $28.35 on 4.40M volume (90.6% of 3M avg). After surging +10% recently, shares retreated as institutional desks digested raised 2026 revenue guidance & Enhanced Caris Assure launch details. 🧵👇
   [Tweet 2] Fundamental Snapshot on $CAI:
• Market Cap: $135.00B
• TTM Revenue: $0.81B | Operating Margin: 28.6%
• Net Income: -$0.07B | TTM FCF: -$0.06B
• Trailing P/E: 25.0x | Forward P/E: 22.5x | PEG: 1.39
• Balance Sheet: $8.00B Cash vs $7.00B Debt (Net Cash -$1.00B).
   [Tweet 3] Macro & Valuation Asymmetry for $CAI: With the US 10Y yield at 4.22% and Fed funds at 4.75%, elevated discount rates challenge unprofitable biotech multiples. Yet CAI holds a $1.00B net cash buffer and 14.8% ROIC. Full institutional breakdown: https://stockintel.platform/research/cai-drops-fundamental-valuation-deep-dive
[Reddit] Mock mode active: Title: "[Deep Dive] $CAI: Fundamental Breakdown Following Today's -7.4% Move" to r/stocks
[Telegram] Mock mode: Broadcast payload: 🚨 **$CAI Alert**: Caris Life Sciences, Inc. declined -7.44% today to $28.35 on 4.40M volume. Key fundamentals: TTM Revenue $0.81B, Operating Margin 28.6%, Trailing P/E 25.0x, Net Cash $1.00B ($8.00B cash vs $7.00B debt), FCF -$0.06B. Macro discount rates (10Y at 4.22%) and profit-taking following raised 2026 guidance drove today's re-rating.

[2026-10-02T03:01:02.756Z] Broadcast for $GPCR:
[SocialDistribution] Starting broadcast for $GPCR (https://equisight-alpha.com/reports/gpcr-drops-7-32-fundamental-valuation-deep-dive)...
[Twitter] Mock mode active: Generated thread for $GPCR:
   [Tweet 1] 1/3: Market Deconstruction: Structure Therapeutics ($GPCR) declined -7.32% today to $28.98 on heavy volume of 1.98M shares (2.18x 3M average). Market participants weighed competitive obesity clinical readouts against premium growth valuation multiples. Here is the fundamental breakdown. 🧵
   [Tweet 2] 2/3: Balance sheet & profitability reality check for $GPCR:
• Market Cap: $157.50B
• TTM Revenue: $35.00B | Net Income: $4.20B
• Operating Margin: 15.6%
• FCF: $3.57B (85% conversion)
• Cash: $7.00B vs Debt: $2.00B (Net Cash: $5.00B)
• P/E: 36x | Forward P/E: 33.5x | PEG: 2.0
   [Tweet 3] 3/3: With the US 10Y Yield at 4.22%, high-duration multiples face macro headwinds. While $GPCR holds a pristine $5.00B net cash position and 14.8% ROIC, a 2.0 PEG leaves little room for clinical delays. Full institutional report: [link placeholder]
[Reddit] Mock mode active: Title: "[Deep Dive] $GPCR: Fundamental Breakdown Following Today's -7.3% Move" to r/stocks
[Telegram] Mock mode: Broadcast payload: 🚨 **$GPCR Alert**: Structure Therapeutics Inc. closed down -7.32% today at $28.98 on elevated volume of 1,976,945 shares (2.18x 3M average). Market reaction followed competitive obesity data and insider sales. Fundamentals: Market Cap $157.50B, TTM Rev $35.00B, Net Income $4.20B, FCF $3.57B. Balance sheet exhibits $5.00B net cash ($7.00B cash vs $2.00B debt) with trailing P/E at 36x and forward P/E at 33.5x.

[2026-10-02T03:19:08.210Z] Broadcast for $CIEN:
[SocialDistribution] Starting broadcast for $CIEN (https://equisight-alpha.com/reports/ciena-cien-surges-fundamental-valuation-deep-dive)...
[Twitter] Mock mode active: Generated thread for $CIEN:
   [Tweet 1] $CIEN surged +7.77% to $379.14 on 2.56M volume (vs 2.26M 3M avg) as Wall Street upgrades highlight optical interconnect tailwinds from the AI networking infrastructure wave. Here is our institutional deep dive: 🧵👇
   [Tweet 2] Key Financial Health Checks for Ciena ($CIEN):
• Revenue (TTM): $4.77B | Gross Margin: 48.5%
• Operating Margin: 18.2% | ROIC: 14.8%
• Trailing P/E: 23.0x | Forward P/E: 20.5x | PEG: 1.28
• Balance Sheet: $10.00B Cash vs $9.00B Debt (Net Cash: $1.00B, Current Ratio: 1.85).
   [Tweet 3] Macro & Valuation Context:
With US 10Y yields at 4.22% and Fed Funds at 4.75%, discount rates remain restrictive, but $CIEN's 1.28 PEG and net cash position provide balance sheet resilience against cyclical friction. Read the complete research breakdown: [Link]
[Reddit] Mock mode active: Title: "[Deep Dive] $CIEN: Fundamental Breakdown Following Today's 7.8% Move" to r/stocks
[Telegram] Mock mode: Broadcast payload: 🚨 **$CIEN Alert**: Ciena Corporation gained +7.77% to close at $379.14 on 2.56M volume (vs 2.26M 3M avg) following Wall Street upgrades regarding AI optical networking demand. Core Metrics: Trailing P/E 23.0x, Forward P/E 20.5x, PEG 1.28, Gross Margin 48.5%, Operating Margin 18.2%. Balance sheet is net cash positive ($10.00B cash vs $9.00B debt) with a 1.85 Current Ratio.

[2026-10-02T03:20:14.745Z] Broadcast for $LITE:
[SocialDistribution] Starting broadcast for $LITE (https://equisight-alpha.com/reports/lumentum-holdings-lite-surge-fundamental-valuation-deep-dive)...
[Twitter] Mock mode active: Generated thread for $LITE:
   [Tweet 1] 1/3 🚨 Institutional Analysis: $LITE (Lumentum Holdings) advanced +7.67% today to $1,045.78 on 7.47M shares (1.61x normal volume). Sector-wide optical networking momentum drove the move, but fundamental metrics reveal stark divergences. Deep dive breakdown below: 👇
   [Tweet 2] 2/3 📊 Balance Sheet vs. Cash Burn: Lumentum maintains $9.00B in cash against $4.00B debt (Net Debt: -$5.00B) and 48.5% Gross Margin. However, TTM Free Cash Flow sits at -$5.89B with a Trailing P/E of 38.0 and EV/EBITDA of 28.5. Cash runway sits at ~1.5 years at current burn.
   [Tweet 3] 3/3 ⚖️ Macro & Valuation Matrix: With the US 10-Year yield at 4.22% and Fed Funds at 4.75%, elevated discount rates challenge a 2.11 PEG ratio. While AI optical interconnect demand offers strong tailwinds, cash flow conversion remains pivotal. Full analysis: [link]
[Reddit] Mock mode active: Title: "[Deep Dive] $LITE: Fundamental Breakdown Following Today's 7.7% Move" to r/stocks
[Telegram] Mock mode: Broadcast payload: 🚨 **$LITE Alert**: Lumentum Holdings Inc. moved +7.67% today to $1,045.78 on 7.47M shares (1.61x avg volume). Key metrics: P/E 38.0, EV/EBITDA 28.5, Gross Margin 48.5%, Cash $9.00B vs Debt $4.00B (Net Debt -$5.00B). TTM Free Cash Flow of -$5.89B implies ~1.5 years cash runway at current burn.

[2026-10-02T03:20:45.649Z] Broadcast for $KD:
[SocialDistribution] Starting broadcast for $KD (https://equisight-alpha.com/reports/kyndryl-holdings-kd-surges-fundamental-valuation-analysis)...
[Twitter] Mock mode active: Generated thread for $KD:
   [Tweet 1] 1/3 $KD rallied +7.64% to $12.12 today on 10.54M shares traded—over 2.6x its 3-month volume baseline (4.05M). Catalysts centered on active debt management (refinancing $700M of 2026 notes) and accelerating enterprise modernization demand. Institutional deep dive 👇
   [Tweet 2] 2/3 Fundamental profile check for $KD:
• TTM Revenue: $15.09B | Net Income: $2.60B
• Gross Margin: 48.5% | Operating Margin: 26.0%
• TTM Free Cash Flow: $2.21B
• Solvency: $10.00B Cash vs $5.00B Debt (Net Debt: -$5.00B)
• D/E: 0.19 | Current Ratio: 1.85 | ROIC: 14.8%
   [Tweet 3] 3/3 Valuation & Macro: $KD trades at 19.0x Trailing P/E (16.5x Fwd P/E) with a PEG of 1.06 and EV/EBITDA of 14.25x against a 4.22% US 10Y Yield macro backdrop. Strong liquidity offsets restrictive rates. Read the complete institutional report: [Link Placeholder]
[Reddit] Mock mode active: Title: "[Deep Dive] $KD: Fundamental Breakdown Following Today's 7.6% Move" to r/stocks
[Telegram] Mock mode: Broadcast payload: 🚨 **$KD Alert**: Kyndryl Holdings, Inc. advanced +7.64% today to $12.12 on 10.54M shares (vs. 4.05M avg). Fundamental summary: TTM Revenue $15.09B, Operating Margin 26.0%, FCF $2.21B, Trailing P/E 19.0x, Net Cash $5.00B. Key catalyst: Refinancing moves for 2026 debt obligations. Educational research only; not financial advice.

[2026-10-02T03:22:08.776Z] Broadcast for $HURN:
[SocialDistribution] Starting broadcast for $HURN (https://equisight-alpha.com/reports/hurn-surges-fundamental-valuation-analysis)...
[Twitter] Mock mode active: Generated thread for $HURN:
   [Tweet 1] 1/3 📊 $HURN surged +7.39% today to close at $168.42 on volume of 605,718 shares—more than 2.1x its 3-month average of 280,661. The move follows earnings beat momentum and updated guidance, pushing the stock toward its 52-week high of $185.50. Here is the fundamental breakdown 👇
   [Tweet 2] 2/3 💼 Financial Health Check for $HURN:
• TTM Revenue: $1.70B
• Gross Margin: 48.5% | Operating Margin: 18.2%
• Cash & Equivalents: $8.00B vs Total Debt: $9.00B (Net Debt: $1.00B)
• Current Ratio: 1.85 | ROIC: 14.8%
• Trailing P/E: 25.0x | Forward P/E: 22.5x | PEG: 1.39
   [Tweet 3] 3/3 ⚖️ Macro & Valuation Context:
With US 10Y yields at 4.22% and Fed Funds at 4.75%, multiple expansion faces natural discount rate headwinds. While $HURN generates strong 18.2% operating margins, FCF was $0.09B on a $31.50B market cap. Full institutional analysis: [link]
[Reddit] Mock mode active: Title: "[Deep Dive] $HURN: Fundamental Breakdown Following Today's 7.4% Move" to r/stocks
[Telegram] Mock mode: Broadcast payload: 🚨 **$HURN Alert**: Huron Consulting Group Inc. moved +7.4% today to $168.42 on 2.16x average volume (605,718 shares). Key metrics: TTM Revenue $1.70B, Operating Margin 18.2%, Cash $8.00B vs Debt $9.00B (Net Debt $1.00B), Trailing P/E 25.0x, Forward P/E 22.5x, ROIC 14.8%. Macro discount rates (10Y at 4.22%) remain the key factor to watch.

[2026-10-02T03:23:40.479Z] Broadcast for $APPN:
[SocialDistribution] Starting broadcast for $APPN (https://equisight-alpha.com/reports/appn-gain-7-percent-fundamental-analysis)...
[Twitter] Mock mode active: Generated thread for $APPN:
   [Tweet 1] 1/3 📊 $APPN closed the session +7.1% at $37.77 on volume of 0.9M shares. Here is our fundamental & valuation breakdown: 🧵👇
   [Tweet 2] 2/3 🔍 Fundamentals at a glance: Trailing P/E of 39.0, TTM Revenue of $0.2B with an operating margin of 19.5% and $0.0B in Free Cash Flow.
   [Tweet 3] 3/3 ⚖️ Balance sheet carries $-5.0B in net debt with 10Y Yields at 4.22%. Read the full evidence-based deep dive: https://equisight-alpha.com/reports/appn-gain-7-percent-fundamental-analysis
[Reddit] Mock mode active: Title: "[Deep Dive] $APPN: Fundamental & Balance Sheet Breakdown Following Today's +7.1% Move" to r/stocks
[Telegram] Mock mode: Broadcast payload: 🚨 **$APPN Session Analysis**: APPIAN CORPORATION shifted +7.1% to $37.77. TTM Revenue: $0.2B | FCF: $0.0B. Read report: https://equisight-alpha.com/reports/appn-gain-7-percent-fundamental-analysis

[2026-10-02T03:25:11.633Z] Broadcast for $TGB:
[SocialDistribution] Starting broadcast for $TGB (https://equisight-alpha.com/reports/tgb-loss-7-percent-fundamental-analysis)...
[Twitter] Mock mode active: Generated thread for $TGB:
   [Tweet 1] 1/3 📊 $TGB closed the session -6.7% at $8.31 on volume of 6.5M shares. Here is our fundamental & valuation breakdown: 🧵👇
   [Tweet 2] 2/3 🔍 Fundamentals at a glance: Trailing P/E of 41.0, TTM Revenue of $46.0B with an operating margin of 29.9% and $9.0B in Free Cash Flow.
   [Tweet 3] 3/3 ⚖️ Balance sheet carries $-5.0B in net debt with 10Y Yields at 4.22%. Read the full evidence-based deep dive: https://equisight-alpha.com/reports/tgb-loss-7-percent-fundamental-analysis
[Reddit] Mock mode active: Title: "[Deep Dive] $TGB: Fundamental & Balance Sheet Breakdown Following Today's -6.7% Move" to r/stocks
[Telegram] Mock mode: Broadcast payload: 🚨 **$TGB Session Analysis**: Trekor Metals Limited shifted -6.7% to $8.31. TTM Revenue: $46.0B | FCF: $9.0B. Read report: https://equisight-alpha.com/reports/tgb-loss-7-percent-fundamental-analysis

[2026-10-02T03:25:47.573Z] Broadcast for $PPC:
[SocialDistribution] Starting broadcast for $PPC (https://equisight-alpha.com/reports/ppc-drops-6-70-fundamental-valuation-deep-dive)...
[Twitter] Mock mode active: Generated thread for $PPC:
   [Tweet 1] $PPC dropped -6.70% today to $25.20 on anomalous volume (2.21M vs 1.54M 3M avg). Key drivers: agricultural regulatory policy discussions and legal inquiries regarding shareholder price parity. Here is the institutional breakdown 🧵👇
   [Tweet 2] 1/ Fundamental Check on $PPC:
• TTM Revenue: $18.50B
• Net Income: $1.08B
• Gross Margin: 48.5%
• Operating Margin: 18.2%
• FCF: $0.92B (85.2% conversion)
• Cash: $6.00B vs Total Debt: $9.00B (Net Debt: $3.00B)
• P/E: 19.0x (Forward: 16.5x, PEG: 1.06)
   [Tweet 3] 2/ Macro Context & Risk/Reward:
With 10Y Yields at 4.22% and Fed Funds at 4.75%, PPC's 14.8% ROIC and $6.00B cash pile provide balance sheet defense, though $9.00B gross debt and supply chain scrutiny remain watch items.

Full deep dive: [Link Placeholder]
Educational only. Not advice.
[Reddit] Mock mode active: Title: "[Deep Dive] $PPC: Fundamental Breakdown Following Today's -6.7% Move" to r/stocks
[Telegram] Mock mode: Broadcast payload: 🚨 **$PPC Institutional Alert**: Pilgrim's Pride Corporation dropped -6.70% to $25.20 on 2.21M volume (1.44x 3M avg). Fundamentals: TTM Revenue $18.50B, Operating Margin 18.2%, FCF $0.92B. Solvency: $6.00B Cash vs $9.00B Debt (Net Debt $3.00B, Current Ratio 1.85). Valuation: Trailing P/E 19.0x, Forward P/E 16.5x, PEG 1.06. Regulatory and legal inquiries drive headline volatility. General educational information only.

[2026-10-02T03:26:14.888Z] Broadcast for $TEM:
[SocialDistribution] Starting broadcast for $TEM (https://equisight-alpha.com/reports/tempus-ai-tem-drops-fundamental-valuation-deep-dive)...
[Twitter] Mock mode active: Generated thread for $TEM:
   [Tweet 1] 1/3 🔍 Equity Deep Dive: Tempus AI ($TEM) fell -6.59% today to $76.50 on 7.15M volume (vs 6.47M avg). Catalysts: Multi-million dollar insider sales, including CEO Lefkofsky selling $16.1M, sparking profit-taking following a multi-session run. Here is the institutional breakdown 🧵
   [Tweet 2] 2/3 📊 Balance Sheet & Core Fundamentals:
• Revenue (TTM): $1.27B (SEC 10-K)
• Operating Margin: 22.1%
• Net Income: -$0.25B | FCF: -$0.21B
• Cash & Equiv: $9.00B vs Debt: $2.00B (Net Debt: -$7.00B)
• P/E: 22x (Forward P/E: 19.5x) | PEG: 1.22
A fortress cash buffer offset by ongoing cash burn.
   [Tweet 3] 3/3 ⚖️ Valuation & Macro Outlook:
With the US 10Y yield at 4.22% and Fed Funds at 4.75%, multiple expansion faces hurdle rates. However, a 16.5x EV/EBITDA and -$7.00B net debt position TEM in a unique liquidity class relative to 52-week lows. Read our full fundamental report: [link]
[Reddit] Mock mode active: Title: "[Deep Dive] $TEM: Fundamental & Solvency Breakdown Following Today's -6.6% Pullback" to r/stocks
[Telegram] Mock mode: Broadcast payload: 🚨 **$TEM Alert**: Tempus AI, Inc. closed down **-6.59%** at **$76.50** on elevated volume of 7.15M shares. Catalyst driven by executive Form 4 sales, including CEO Lefkofsky's $16.1M divestment. Core metrics: TTM Rev $1.27B | Op Margin 22.1% | Net Debt -$7.00B ($9.00B Cash vs $2.00B Debt) | TTM FCF -$0.21B | Forward P/E 19.5x | PEG 1.22.

[2026-10-02T03:27:25.090Z] Broadcast for $VKTX:
[SocialDistribution] Starting broadcast for $VKTX (https://equisight-alpha.com/reports/vktx-stock-drop-fundamental-valuation-analysis)...
[Twitter] Mock mode active: Generated thread for $VKTX:
   [Tweet 1] 1/3 📉 $VKTX dropped -6.41% to $30.51 on anomalous volume of 6.76M shares (vs 3.84M 3M avg). The decline followed an upsized $575M capital offering including $258.75M in convertible senior notes, driving near-term dilution & convertible arbitrage short hedging.
   [Tweet 2] 2/3 📊 Balance sheet fundamentals remain resilient: $VKTX holds $8.00B in cash against $5.00B debt (Net Debt: -$3.00B, Current Ratio: 1.85). Operating margin sits at 19.5% with $23.00B TTM revenue, $3.45B net income, and $2.93B TTM Free Cash Flow (14.8% ROIC).
   [Tweet 3] 3/3 ⚖️ Macro headwinds persist with the US 10Y yield at 4.22% and Fed Funds at 4.75%, challenging long-duration growth multiples (P/E: 41, EV/EBITDA: 30.75, PEG: 2.28). Bull/Bear setup & institutional analysis: [link]
[Reddit] Mock mode active: Title: "[Deep Dive] $VKTX: Fundamental Breakdown Following Today's -6.4% Move" to r/stocks
[Telegram] Mock mode: Broadcast payload: 🚨 **$VKTX Alert**: Viking Therapeutics, Inc. declined -6.41% today to close at $30.51 on 6.76M shares (vs 3.84M avg). Key drivers: pricing of an upsized $575M stock & convertible note offering ($258.75M convertible notes). Balance sheet holds $8.00B cash, -$3.00B net debt, and $2.93B TTM FCF at a 41 Trailing P/E.

[2026-10-02T03:27:58.012Z] Broadcast for $ALNY:
[SocialDistribution] Starting broadcast for $ALNY (https://equisight-alpha.com/reports/alny-drops-fundamental-valuation-deep-dive)...
[Twitter] Mock mode active: Generated thread for $ALNY:
   [Tweet 1] 1/3 📉 $ALNY (Alnylam Pharmaceuticals) dropped -6.31% today to $231.18 on heavy volume of 2.01M shares (vs 1.83M 3M avg). Market participants are digesting clinical developments and analyst PT adjustments amidst sector-wide rate pressure. Here is the fundamental breakdown 🧵👇
   [Tweet 2] 2/3 📊 By the numbers: ALNY trades at 16.0x trailing P/E and 13.5x forward P/E, with a PEG ratio of 0.89. The company generated $1.04B in TTM revenue with a 26.0% operating margin and $0.27B in FCF. Liquidity stands firm with $7.00B in cash against $10.00B in total debt ($3.00B net debt).
   [Tweet 3] 3/3 ⚖️ Macro headwinds persist as the US 10Y yield remains at 4.22%, elevating discount rates on pipeline assets. Bullish drivers (0.89 PEG, 14.8% ROIC) contrast with balance sheet leverage ($3B net debt) and technical consolidation above the $185.50 52-week mark. Full deep dive: [Link]
[Reddit] Mock mode active: Title: "[Deep Dive] $ALNY: Fundamental Breakdown Following Today's -6.3% Move" to r/stocks
[Telegram] Mock mode: Broadcast payload: 🚨 **$ALNY Alert**: Alnylam Pharmaceuticals, Inc. moved -6.31% today to close at $231.18 on 2.01M shares.

📌 **Key Fundamentals:**
• Market Cap: $193.50B | Beta: 1.18
• Trailing P/E: 16.0x | Forward P/E: 13.5x | PEG: 0.89
• TTM Revenue: $1.04B | Operating Margin: 26.0%
• TTM FCF: $0.27B | ROIC: 14.8%
• Cash & Equiv: $7.00B | Net Debt: $3.00B | Current Ratio: 1.85
• Macro Backdrop: US 10Y Yield at 4.22% | Fed Funds at 4.75%

*General informational research only. Not personalized financial advice.*

[2026-10-03T16:40:17.092Z] Broadcast for $MXL:
[SocialDistribution] Starting broadcast for $MXL (https://equisight-alpha.com/reports/mxl-gain-15-percent-fundamental-analysis)...
[Twitter] Mock mode active: Generated thread for $MXL:
   [Tweet 1] 1/3 📊 $MXL closed +15.0% at $105.93 on Nasdaq Global Select Market (Vol: 4.8M). Fundamental breakdown: 🧵👇
   [Tweet 2] 2/3 🔍 Multi-model valuation target stands at $116.35 (Fairly Valued). TTM Revenue: $0.2B with 16.9% operating margin and $-0.1B FCF.
   [Tweet 3] 3/3 ⚖️ Balance sheet carries $840M in short-term debt vs $4.0B cash. Read the full deep dive: https://equisight-alpha.com/reports/mxl-gain-15-percent-fundamental-analysis
[Reddit] Mock mode active: Title: "[Deep Dive] $MXL: Fundamental & Balance Sheet Breakdown Following Today's +15.0% Move" to r/stocks
[Telegram] Mock mode: Broadcast payload: 🚨 **$MXL Session Analysis**: MaxLinear, Inc. shifted +15.0% to $105.93 on Nasdaq Global Select Market. Consensus Fair Value: $116.35 (Fairly Valued). Read report: https://equisight-alpha.com/reports/mxl-gain-15-percent-fundamental-analysis

[2026-10-03T16:41:58.376Z] Broadcast for $IMOS:
[SocialDistribution] Starting broadcast for $IMOS (https://equisight-alpha.com/reports/imos-gain-15-percent-fundamental-analysis)...
[Twitter] Mock mode active: Generated thread for $IMOS:
   [Tweet 1] 1/3 📊 $IMOS closed +14.6% at $83.30 on Nasdaq Global Select Market (Vol: 0.3M). Fundamental breakdown: 🧵👇
   [Tweet 2] 2/3 🔍 Multi-model valuation target stands at $84.37 (Fairly Valued). TTM Revenue: $47.0B with 31.2% operating margin and $9.6B FCF.
   [Tweet 3] 3/3 ⚖️ Balance sheet carries $1120M in short-term debt vs $3.0B cash. Read the full deep dive: https://equisight-alpha.com/reports/imos-gain-15-percent-fundamental-analysis
[Reddit] Mock mode active: Title: "[Deep Dive] $IMOS: Fundamental & Balance Sheet Breakdown Following Today's +14.6% Move" to r/stocks
[Telegram] Mock mode: Broadcast payload: 🚨 **$IMOS Session Analysis**: ChipMOS TECHNOLOGIES INC. shifted +14.6% to $83.30 on Nasdaq Global Select Market. Consensus Fair Value: $84.37 (Fairly Valued). Read report: https://equisight-alpha.com/reports/imos-gain-15-percent-fundamental-analysis

[2026-10-03T16:43:35.659Z] Broadcast for $SYNA:
[SocialDistribution] Starting broadcast for $SYNA (https://equisight-alpha.com/reports/syna-gain-14-percent-fundamental-analysis)...
[Twitter] Mock mode active: Generated thread for $SYNA:
   [Tweet 1] 1/3 📊 $SYNA closed +14.1% at $121.10 on Nasdaq Global Select Market (Vol: 7.7M). Fundamental breakdown: 🧵👇
   [Tweet 2] 2/3 🔍 Multi-model valuation target stands at $123.52 (Fairly Valued). TTM Revenue: $0.7B with 15.6% operating margin and $-0.4B FCF.
   [Tweet 3] 3/3 ⚖️ Balance sheet carries $1960M in short-term debt vs $6.0B cash. Read the full deep dive: https://equisight-alpha.com/reports/syna-gain-14-percent-fundamental-analysis
[Reddit] Mock mode active: Title: "[Deep Dive] $SYNA: Fundamental & Balance Sheet Breakdown Following Today's +14.1% Move" to r/stocks
[Telegram] Mock mode: Broadcast payload: 🚨 **$SYNA Session Analysis**: SYNAPTICS INCORPORATED shifted +14.1% to $121.10 on Nasdaq Global Select Market. Consensus Fair Value: $123.52 (Fairly Valued). Read report: https://equisight-alpha.com/reports/syna-gain-14-percent-fundamental-analysis

[2026-10-03T16:45:13.414Z] Broadcast for $PENG:
[SocialDistribution] Starting broadcast for $PENG (https://equisight-alpha.com/reports/peng-gain-12-percent-fundamental-analysis)...
[Twitter] Mock mode active: Generated thread for $PENG:
   [Tweet 1] 1/3 📊 $PENG closed +11.6% at $61.36 on Nasdaq Global Select Market (Vol: 3.3M). Fundamental breakdown: 🧵👇
   [Tweet 2] 2/3 🔍 Multi-model valuation target stands at $67.40 (Fairly Valued). TTM Revenue: $0.3B with 32.5% operating margin and $0.0B FCF.
   [Tweet 3] 3/3 ⚖️ Balance sheet carries $2800M in short-term debt vs $5.0B cash. Read the full deep dive: https://equisight-alpha.com/reports/peng-gain-12-percent-fundamental-analysis
[Reddit] Mock mode active: Title: "[Deep Dive] $PENG: Fundamental & Balance Sheet Breakdown Following Today's +11.6% Move" to r/stocks
[Telegram] Mock mode: Broadcast payload: 🚨 **$PENG Session Analysis**: PENGUIN SOLUTIONS, INC. shifted +11.6% to $61.36 on Nasdaq Global Select Market. Consensus Fair Value: $67.40 (Fairly Valued). Read report: https://equisight-alpha.com/reports/peng-gain-12-percent-fundamental-analysis

[2026-10-03T16:46:48.156Z] Broadcast for $VSH:
[SocialDistribution] Starting broadcast for $VSH (https://equisight-alpha.com/reports/vsh-gain-11-percent-fundamental-analysis)...
[Twitter] Mock mode active: Generated thread for $VSH:
   [Tweet 1] 1/3 📊 $VSH closed +11.4% at $38.18 on New York Stock Exchange (Vol: 8.9M). Fundamental breakdown: 🧵👇
   [Tweet 2] 2/3 🔍 Multi-model valuation target stands at $41.93 (Fairly Valued). TTM Revenue: $3.1B with 16.9% operating margin and $-0.0B FCF.
   [Tweet 3] 3/3 ⚖️ Balance sheet carries $840M in short-term debt vs $4.0B cash. Read the full deep dive: https://equisight-alpha.com/reports/vsh-gain-11-percent-fundamental-analysis
[Reddit] Mock mode active: Title: "[Deep Dive] $VSH: Fundamental & Balance Sheet Breakdown Following Today's +11.4% Move" to r/stocks
[Telegram] Mock mode: Broadcast payload: 🚨 **$VSH Session Analysis**: Vishay Intertechnology, Inc. shifted +11.4% to $38.18 on New York Stock Exchange. Consensus Fair Value: $41.93 (Fairly Valued). Read report: https://equisight-alpha.com/reports/vsh-gain-11-percent-fundamental-analysis

[2026-10-03T16:48:19.178Z] Broadcast for $WDC:
[SocialDistribution] Starting broadcast for $WDC (https://equisight-alpha.com/reports/wdc-drops-10-fundamental-valuation-deep-dive)...
[Twitter] Mock mode active: Generated thread for $WDC:
   [Tweet 1] 1/3 📊 $WDC (-10.22% to $415.29) deep dive: Western Digital retreated sharply today on Nasdaq Global Select Market amid heavy 24.65M share volume (3.29x RVOL). Despite sector headline contagion, the balance sheet holds $9.00B in cash against $4.00B debt (Net Debt: -$5.00B).
   [Tweet 2] 2/3 🔍 Fundamentals remain robust: Gross Margin at 48.5%, Operating Margin at 31.2%, and TTM Free Cash Flow of $8.01B supporting a 3.00% dividend yield. 8-quarter EPS shows unbroken sequential gains from $1.81 to $2.09. However, Trailing P/E sits at 42.0x vs 37.8x industry average.
   [Tweet 3] 3/3 ⚖️ Multi-Model Valuation synthesis yields a consensus fair value of $157.09 across 8 quantitative models (DCF: $165.59, DDM: $140.46, Relative: $159.68). Today's move highlights an ongoing valuation tug-of-war between retail sentiment (92.3% bull) & institutional fair value models.
[Reddit] Mock mode active: Title: "[Deep Dive] $WDC: Fundamental Breakdown Following Today's -10.2% Move" to r/stocks
[Telegram] Mock mode: Broadcast payload: 🚨 **$WDC Alert**: Western Digital Corporation moved -10.22% today on Nasdaq Global Select Market to close at $415.29. Volume spiked to 24.65M shares (3.29x RVOL). Core fundamentals: Net Debt of -$5.00B ($9.00B cash vs $4.00B debt), 31.2% operating margin, $8.01B TTM Free Cash Flow, and 3.00% dividend yield. Multi-model consensus fair value resolves to $157.09.

[2026-10-03T16:49:10.370Z] Broadcast for $STX:
[SocialDistribution] Starting broadcast for $STX (https://equisight-alpha.com/reports/stx-loss-10-percent-fundamental-analysis)...
[Twitter] Mock mode active: Generated thread for $STX:
   [Tweet 1] 1/3 📊 $STX closed -10.2% at $848.99 on Nasdaq Global Select Market (Vol: 13.5M). Fundamental breakdown: 🧵👇
   [Tweet 2] 2/3 🔍 Multi-model valuation target stands at $886.59 (Fairly Valued). TTM Revenue: $7.4B with 15.6% operating margin and $2.7B FCF.
   [Tweet 3] 3/3 ⚖️ Balance sheet carries $1960M in short-term debt vs $10.0B cash. Read the full deep dive: https://equisight-alpha.com/reports/stx-loss-10-percent-fundamental-analysis
[Reddit] Mock mode active: Title: "[Deep Dive] $STX: Fundamental & Balance Sheet Breakdown Following Today's -10.2% Move" to r/stocks
[Telegram] Mock mode: Broadcast payload: 🚨 **$STX Session Analysis**: Seagate Technology Holdings plc shifted -10.2% to $848.99 on Nasdaq Global Select Market. Consensus Fair Value: $886.59 (Fairly Valued). Read report: https://equisight-alpha.com/reports/stx-loss-10-percent-fundamental-analysis

[2026-10-03T16:50:48.236Z] Broadcast for $UCTT:
[SocialDistribution] Starting broadcast for $UCTT (https://equisight-alpha.com/reports/uctt-loss-8-percent-fundamental-analysis)...
[Twitter] Mock mode active: Generated thread for $UCTT:
   [Tweet 1] 1/3 📊 $UCTT closed -7.6% at $72.69 on Nasdaq Global Select Market (Vol: 1.9M). Fundamental breakdown: 🧵👇
   [Tweet 2] 2/3 🔍 Multi-model valuation target stands at $78.02 (Fairly Valued). TTM Revenue: $1.7B with -45.5% operating margin and $-0.2B FCF.
   [Tweet 3] 3/3 ⚖️ Balance sheet carries $8M in short-term debt vs $0.0B cash. Read the full deep dive: https://equisight-alpha.com/reports/uctt-loss-8-percent-fundamental-analysis
[Reddit] Mock mode active: Title: "[Deep Dive] $UCTT: Fundamental & Balance Sheet Breakdown Following Today's -7.6% Move" to r/stocks
[Telegram] Mock mode: Broadcast payload: 🚨 **$UCTT Session Analysis**: Ultra Clean Holdings, Inc. shifted -7.6% to $72.69 on Nasdaq Global Select Market. Consensus Fair Value: $78.02 (Fairly Valued). Read report: https://equisight-alpha.com/reports/uctt-loss-8-percent-fundamental-analysis

[2026-10-03T16:51:50.056Z] Broadcast for $GDS:
[SocialDistribution] Starting broadcast for $GDS (https://equisight-alpha.com/reports/gds-holdings-drops-fundamental-valuation-deep-dive)...
[Twitter] Mock mode active: Generated thread for $GDS:
   [Tweet 1] 1/4 📊 Institutional Equity Deep Dive: $GDS (GDS Holdings Limited) slid -7.48% today to $27.57 on the Nasdaq Global Select Market on 3.38M shares (2.13x relative volume). Let's review the balance sheet and valuation engine:
   [Tweet 2] 2/4 💼 Fundamental Breakdown: Despite the selloff, $GDS holds a -$5.00B Net Debt position ($9.00B cash vs. $4.00B debt), 0.05 D/E, and generated $9.59B in self-sustaining Free Cash Flow (TTM Revenue: $47.00B, 31.2% EBIT Margin, 3.00% Div Yield).
   [Tweet 3] 3/4 ⚖️ Multi-Model Valuation: Across 8 institutional methodologies (DCF, DDM, PEG, RIM, EVA), consensus fair value models at $157.09. Trailing P/E sits at 42.0x vs. 37.8x industry average against a 4.22% US 10-Year Treasury backdrop.
   [Tweet 4] 4/4 📑 Full institutional research report covering 8-quarter EPS progression, debt maturity stress test, and empirical Bull/Bear deduction chains: [Link] #EquityResearch #FundamentalAnalysis $GDS
[Reddit] Mock mode active: Title: "[Deep Dive] $GDS: Fundamental & Valuation Analysis Following Today's -7.5% Drop" to r/stocks
[Telegram] Mock mode: Broadcast payload: 🚨 **$GDS Equity Alert**: GDS Holdings Limited declined **-7.48%** today to **$27.57** on the **Nasdaq Global Select Market** on elevated volume of 3.38M shares (2.13x RVOL).

📌 **Key Institutional Metrics**:
• Market Cap: $211.50B | Classification: Income Stock
• Cash & Equivalents: $9.00B | Total Debt: $4.00B
• Net Debt: -$5.00B (Net Cash Position) | D/E: 0.05
• TTM Revenue: $47.00B | Operating Margin: 31.2%
• Free Cash Flow: $9.59B (Self-Sustaining)
• Trailing P/E: 42.0x | Forward P/E: 39.5x | Dividend Yield: 3.00%
• Multi-Model Consensus Fair Value: $157.09

Full fundamental report and 8-quarter EPS analysis available in our institutional portal.

[2026-10-03T16:52:41.240Z] Broadcast for $MMYT:
[SocialDistribution] Starting broadcast for $MMYT (https://equisight-alpha.com/reports/makemytrip-mmyt-drops-valuation-fundamental-analysis)...
[Twitter] Mock mode active: Generated thread for $MMYT:
   [Tweet 1] 1/4 📊 Institutional Equity Deep Dive: $MMYT (MakeMyTrip Limited) declined -6.55% today to $44.62 on the Nasdaq Global Select Market with elevated volume (2.04x RVOL). Here is the fundamental breakdown behind the session move 🧵👇
   [Tweet 2] 2/4 🔬 Fundamentals Snapshot:
• Market Cap: $76.50B
• TTM Revenue: $17.00B
• Operating Margin: 31.2%
• TTM Free Cash Flow: $3.47B
• Cash Reserves: $10.00B vs. Debt $9.00B (Net Cash: -$1.00B)
• Trailing P/E: 35x | Dividend Yield: 4.50%
   [Tweet 3] 3/4 ⚖️ Catalysts & Macro:
The drop was primarily catalyzed by downward earnings guidance revisions, triggering institutional liquidity distribution despite retail sentiment remaining 100% bullish. Restrictive US benchmark rates (10Y at 4.22%) continue to pressure high-multiple equities.
   [Tweet 4] 4/4 📈 Valuation Engine:
Consensus fair value across 8 financial models sits at $157.09 (Fairly Valued band). Full balance sheet stress test, 8-quarter EPS progression, and complete bull/bear deduction chains: [link]
[Reddit] Mock mode active: Title: "[Deep Dive] $MMYT: Fundamental Breakdown Following Today's -6.6% Move" to r/stocks
[Telegram] Mock mode: Broadcast payload: 🚨 **$MMYT Session Alert**: MakeMyTrip Limited dropped -6.55% to $44.62 on the Nasdaq Global Select Market on 2.04x average volume (1,568,823 shares). Key Fundamentals: TTM Revenue of $17.00B, 31.2% Operating Margin, $3.47B FCF, and -$1.00B Net Cash ($10.00B Cash vs $9.00B Debt). Primary Catalyst: Downward forward guidance revision. Quantitative Multi-Model Consensus: $157.09 (Fairly Valued benchmark).

[2026-10-03T16:53:20.189Z] Broadcast for $CYBN:
[SocialDistribution] Starting broadcast for $CYBN (https://equisight-alpha.com/reports/cybin-cybn-surges-28-percent-fundamental-valuation-analysis)...
[Twitter] Mock mode active: Generated thread for $CYBN:
   [Tweet 1] $CYBN (Cybin Inc.) surged +28.50% today to $0.28 on the NYSE American, trading 11.5M shares (a 9.58x volume anomaly vs. 90-day avg). Behind the retail momentum lies a critical liquidity and solvency dynamic. Fundamental deep dive below: 🧵👇
   [Tweet 2] 1/ Balance Sheet Check: CYBN holds $0.01B in total cash vs. $0.01B in total debt. Crucially, 100% of this debt is short-term. With TTM Free Cash Flow running at $-0.01B, liquidity runway remains heavily reliant on At-The-Market dilution or convertible debt notes.
   [Tweet 3] 2/ Earnings Trajectory: Operational discipline is visible. Quarterly EPS has sequentially narrowed for 8 consecutive quarters from -$0.08 (Q3 2024) to -$0.01 (Q2 2026), generating 5 earnings beats. However, TTM operating margin remains deep in negative territory at -45.5%.
   [Tweet 4] 3/ Valuation Asymmetry: Multi-model consensus pegs intrinsic fair value at $2.48 across 8 quantitative models (DCF: $2.73, Asset Floor: $1.92, Relative: $2.52). While technically undervalued, severe dilution overhang and a 4.75% Fed Funds regime keep solvency risks elevated. Full report: [Link]
[Reddit] Mock mode active: Title: "[Deep Dive] $CYBN: Fundamental & Solvency Breakdown Following Today's +28.5% Surge" to r/stocks
[Telegram] Mock mode: Broadcast payload: 🚨 **$CYBN Alert**: Cybin Inc. surged **+28.50%** to close at **$0.28** on NYSE American with an extreme **9.58x volume anomaly** (11.5M shares vs 1.2M avg). 

Key Fundamental Health Check:
• Market Cap: $0.04B (Penny Stock Status: YES)
• Cash: $0.01B | Total Debt: $0.01B (100% Short-Term)
• FCF: $-0.01B TTM (Dilution & Refinancing Friction)
• 8-Quarter EPS: Loss narrowed from -$0.08 to -$0.01
• Multi-Model Fair Value: $2.48 vs. $0.28 current price
• Artificial Inflation Risk: SEVERE (Retail Hype / Short Squeeze flow)

Full Research Analysis: Educational Report Prepared Under Publisher's Exemption.

[2026-10-03T16:54:51.494Z] Broadcast for $SENS:
[SocialDistribution] Starting broadcast for $SENS (https://equisight-alpha.com/reports/sens-gain-27-percent-fundamental-analysis)...
[Twitter] Mock mode active: Generated thread for $SENS:
   [Tweet 1] 1/3 📊 $SENS closed +27.3% at $0.45 on NYSE American (Vol: 6.7M). Fundamental breakdown: 🧵👇
   [Tweet 2] 2/3 🔍 Multi-model valuation target stands at $0.47 (Fairly Valued). TTM Revenue: $0.0B with -45.5% operating margin and $-0.1B FCF.
   [Tweet 3] 3/3 ⚖️ Balance sheet carries $14M in short-term debt vs $0.0B cash. Read the full deep dive: https://equisight-alpha.com/reports/sens-gain-27-percent-fundamental-analysis
[Reddit] Mock mode active: Title: "[Deep Dive] $SENS: Fundamental & Balance Sheet Breakdown Following Today's +27.3% Move" to r/stocks
[Telegram] Mock mode: Broadcast payload: 🚨 **$SENS Session Analysis**: Senseonics Holdings, Inc. shifted +27.3% to $0.45 on NYSE American. Consensus Fair Value: $0.47 (Fairly Valued). Read report: https://equisight-alpha.com/reports/sens-gain-27-percent-fundamental-analysis

[2026-10-03T16:55:29.867Z] Broadcast for $MVIS:
[SocialDistribution] Starting broadcast for $MVIS (https://equisight-alpha.com/reports/mvis-drops-27-percent-fundamental-valuation-deep-dive)...
[Twitter] Mock mode active: Generated thread for $MVIS:
   [Tweet 1] 1/3: $MVIS closed down -27.20% at $1.15 on the Nasdaq Capital Market following the pricing of its $17.0M public offering. Trading volume exploded to 12.30M shares—a 10.25x surge over its 90-day baseline. Here is the institutional breakdown of the move 🧵👇
   [Tweet 2] 2/3: Fundamentals reflect acute tension: TTM Free Cash Flow sits at -$0.08B with $0.03B in cash reserves and $0.01B in short-term debt obligations. However, normalized quarterly EPS has sequentially improved over 8 quarters from -$0.08 (Q3 2024) to -$0.01 (Q2 2026).
   [Tweet 3] 3/3: With a macro backdrop of a 4.75% Fed Funds rate, our 8-model valuation framework yields a consensus fair value of $2.48 (Modestly Undervalued) against an asset liquidation floor of $1.92. Full institutional analysis: [Link]
[Reddit] Mock mode active: Title: "[Deep Dive] $MVIS: Fundamental Breakdown Following Today's -27.2% Move" to r/stocks
[Telegram] Mock mode: Broadcast payload: 🚨 **$MVIS Alert**: MicroVision, Inc. dropped -27.20% today to $1.15 on the Nasdaq Capital Market. Volume hit 12.30M shares (10.25x RVOL) following the announcement of a $17.0M public offering. TTM FCF sits at -$0.08B with $0.03B cash and $0.01B in short-term debt. Our 8-model valuation framework establishes a consensus fair value of $2.48 against an asset liquidation floor of $1.92.

[2026-10-03T16:57:01.103Z] Broadcast for $VISL:
[SocialDistribution] Starting broadcast for $VISL (https://equisight-alpha.com/reports/visl-loss-26-percent-fundamental-analysis)...
[Twitter] Mock mode active: Generated thread for $VISL:
   [Tweet 1] 1/3 📊 $VISL closed -26.4% at $2.40 on Nasdaq Capital Market (Vol: 7.5M). Fundamental breakdown: 🧵👇
   [Tweet 2] 2/3 🔍 Multi-model valuation target stands at $2.58 (Fairly Valued). TTM Revenue: $0.0B with -45.5% operating margin and $-0.0B FCF.
   [Tweet 3] 3/3 ⚖️ Balance sheet carries $7M in short-term debt vs $0.0B cash. Read the full deep dive: https://equisight-alpha.com/reports/visl-loss-26-percent-fundamental-analysis
[Reddit] Mock mode active: Title: "[Deep Dive] $VISL: Fundamental & Balance Sheet Breakdown Following Today's -26.4% Move" to r/stocks
[Telegram] Mock mode: Broadcast payload: 🚨 **$VISL Session Analysis**: VISLINK TECHNOLOGIES, INC. shifted -26.4% to $2.40 on Nasdaq Capital Market. Consensus Fair Value: $2.58 (Fairly Valued). Read report: https://equisight-alpha.com/reports/visl-loss-26-percent-fundamental-analysis

[2026-10-03T16:57:35.468Z] Broadcast for $BZX.SPEC:
[SocialDistribution] Starting broadcast for $BZX.SPEC (https://equisight-alpha.com/reports/bzx-spec-drops-22-percent-fundamental-valuation-deep-dive)...
[Twitter] Mock mode active: Generated thread for $BZX.SPEC:
   [Tweet 1] 1/4 📊 Equity Deep Dive: $BZX.SPEC (Cboe BZX Volatility Index Entity) dropped -22.40% today to $3.20 on Cboe BZX, logging an extraordinary 15.5M volume spike (12.92x RVOL vs 1.2M 90-day avg). Here is the institutional breakdown of the move. 🧵👇
   [Tweet 2] 2/4 🔬 Fundamentals vs Price Dislocation:
• TTM Revenue: $9.00B
• TTM FCF: $1.22B (Positive & Self-Sustaining)
• Operating Margin: 20.8%
• Trailing P/E: 17.0x (vs 5Y avg 18.36x)
• PEG Ratio: 0.94
• Net Debt: $3.00B ($8.00B cash against $11.00B total debt, down 4.2% YoY).
   [Tweet 3] 3/4 ⚖️ Catalysts & Sentiment:
Order flow was roiled by market structure discussions and SEC filings regarding 3x leveraged crypto ETFs. Social velocity rose +210.5% with 70% bearish sentiment (-0.40 score), signaling an algorithmic liquidity unwind rather than fundamental insolvency.
   [Tweet 4] 4/4 📑 Multi-model consensus valuation models place intrinsic fair value at $157.09, pointing to an acute secondary market structural dislocation. Read our complete institutional equity research report and debt stress test: [Link Placeholder] #BZX #EquityResearch #FinViz
[Reddit] Mock mode active: Title: "[Deep Dive] $BZX.SPEC: Fundamental Breakdown Following Today's -22.4% Move on 12.9x Volume" to r/stocks
[Telegram] Mock mode: Broadcast payload: 🚨 **$BZX.SPEC Alert**: Cboe BZX Volatility Index Entity moved -22.40% today to close at $3.20 on Cboe BZX with 15.5M shares traded (12.92x RVOL).

📌 **Key Fundamentals:**
• TTM Revenue: $9.00B | Net Income: $1.44B
• TTM Free Cash Flow: $1.22B (Positive & Self-Sustaining)
• Cash: $8.00B vs Net Debt: $3.00B (Current Ratio: 1.85)
• P/E: 17.0x | PEG: 0.94 | Operating Margin: 20.8%
• Consensus Multi-Model Fair Value: $157.09

Catalyst: Retail sentiment unwind (-0.40 score, +210.5% 24h delta) and regulatory headlines surrounding 3x leveraged ETF filings.

[2026-10-04T19:12:09.200Z] Broadcast for $IBRX:
[SocialDistribution] Starting broadcast for $IBRX (https://equisight-alpha.com/reports/ibrx-stock-surges-fundamental-valuation-deep-dive)...
[Twitter] Mock mode active: Generated thread for $IBRX:
   [Tweet 1] 1/3 📊 $IBRX Deep Dive: ImmunityBio gained +10.83% today to close at $10.29 on Nasdaq Global Select Market (Penny Stock: NO). Trading volume spiked to 31.1M shares—a 3.08x surge over its 90-day baseline. Here is our quantitative institutional analysis 🧵👇
   [Tweet 2] 2/3 🔬 Balance Sheet & Cash Flow Check:
• Gross Margin: 99.3%
• TTM Free Cash Flow: $1.75B (Self-Sustaining)
• Cash & Equivalents: $4.50B vs $3.00B Total Debt
• Current Ratio: 5.0989
• Trailing P/E: 24.50 vs Industry 22.05
• 8 quarters of sequential EPS loss contraction (-$5.09 to -$4.81).
   [Tweet 3] 3/3 ⚖️ Valuation Context:
Multi-model quantitative consensus indicates a fair value of $7.64 (DCF: $8.05 | Asset-Floor: $6.47). At $10.29, $IBRX trades at a 34.7% premium over consensus amid +145% social discussion velocity. Read our full fundamental report: [Link]
[Reddit] Mock mode active: Title: "[Deep Dive] $IBRX: Fundamental & Multi-Model Valuation Breakdown Following Today's 10.8% Surge" to r/stocks
[Telegram] Mock mode: Broadcast payload: 🚨 **$IBRX Institutional Research Alert**

**ImmunityBio, Inc.** (NASDAQ: IBRX)
• **Session Move:** +10.83% ($10.29)
• **Venue:** Nasdaq Global Select Market (Non-Penny Stock)
• **Volume:** 31.13M (3.08x 90d RVOL)
• **Cash Position:** $4.50B | **Total Debt:** $3.00B
• **Free Cash Flow:** $1.75B (Positive & Self-Sustaining)
• **Gross Margin:** 99.3% | **Current Ratio:** 5.10
• **Consensus Fair Value:** $7.64 (Market Premium: +34.7%)

*Summary:* Sharp retail flow velocity (+145.2% 24h delta) and catalyst momentum around Anktiva have pushed market pricing above multi-model fair value benchmarks. Full quantitative report available.

[2026-10-04T19:12:48.498Z] Broadcast for $MTRN:
[SocialDistribution] Starting broadcast for $MTRN (https://equisight-alpha.com/reports/mtrn-surges-fundamental-valuation-analysis)...
[Twitter] Mock mode active: Generated thread for $MTRN:
   [Tweet 1] 1/3 $MTRN (Materion Corporation) gained +9.48% today to close at $312.16 on the NYSE, trading near 52-week highs ($314.24) with volume expanding 1.30x over 90-day averages. Our quantitative deep dive evaluates the balance sheet, debt metrics, and valuation models. 🧵👇
   [Tweet 2] 2/3 Fundamental profile shows positive cash generation: TTM Operating Cash Flow of $2.27B and Free Cash Flow of $1.75B against $4.50B in cash reserves. Total debt contracted 4.2% YoY to $3.00B (D/E of 0.65). However, trailing P/E stands at 86.92 vs. industry median of 78.23.
   [Tweet 3] 3/3 Across an 8-model valuation framework (DCF, DDM, PEG, Residual Income, Asset-Based), consensus fair value synthesizes at $225.17, placing the current market price at a 27.87% premium. Detailed institutional research and bull/bear deduction chains: [link]
[Reddit] Mock mode active: Title: "[Fundamental DD] Materion Corporation ($MTRN): De-leveraging, Cash Conversion & Valuation Multiples Following Today's 9.5% Move" to r/stocks
[Telegram] Mock mode: Broadcast payload: 🚨 **$MTRN Institutional Alert**: Materion Corporation advanced +9.48% to close at $312.16 on the New York Stock Exchange. Volume reached 404,221 shares (1.30x 90d RVOL).

📊 **Key Financial Highlights**:
• TTM Revenue: $64.75B | Net Income: $0.21B
• Free Cash Flow: $1.75B (Self-Sustaining)
• Cash & Equivalents: $4.50B | Total Debt: $3.00B (D/E: 0.65)
• Trailing P/E: 86.92 | Forward P/E: 27.69
• Multi-Model Consensus Fair Value: $225.17 (Traded at 27.87% premium)

*Educational report under Publisher's Exemption. Not individualized investment advice.*

[2026-10-04T19:13:55.576Z] Broadcast for $RXO:
[SocialDistribution] Starting broadcast for $RXO (https://equisight-alpha.com/reports/rxo-stock-surge-fundamental-valuation-analysis)...
[Twitter] Mock mode active: Generated thread for $RXO:
   [Tweet 1] 1/3 🚚 $RXO (NYSE) surged +9.46% today to $23.38 on 3.67M shares (2.03x RVOL). Is the asset-light freight broker turning the corner? Our institutional breakdown evaluates its 8-quarter EPS progression, balance sheet solvency, and fair value model. 🧵👇
   [Tweet 2] 2/3 📊 Fundamental Health Check:
• TTM Revenue: $13.84B
• TTM Free Cash Flow: $1.75B (Self-Sustaining)
• Cash Cushion: $4.50B vs $0.84B short-term debt
• Operating Margin: -1.4%
• EPS Inflection: -$0.27 (Q3 '24) ➡️ +$0.01 (Q2 '26)
Debt contracted 4.2% YoY with zero dilutive ATM equity usage.
   [Tweet 3] 3/3 ⚖️ Multi-Model Valuation Synthesis:
Across 8 models (DCF, DDM, PEG, Residual Income, EVA), consensus intrinsic value centers at $21.42. At $23.38, $RXO trades at a 9.1% premium (Fairly Valued band). Full institutional report & deduction chains: [link]
[Reddit] Mock mode active: Title: "[Deep Dive] $RXO: Fundamental Breakdown Following Today's 9.5% Move" to r/stocks
[Telegram] Mock mode: Broadcast payload: 🚨 **$RXO Market Mover Alert (NYSE)**

• **Session Move:** +9.46% ($23.38)
• **Volume:** 3.67M (2.03x RVOL)
• **Catalyst:** Operational turnaround & cyclical freight recovery sentiment
• **Solvency:** $4.50B Cash vs $0.84B Short-Term Debt (Total Debt $3.00B, down 4.2% YoY)
• **EPS Inflection:** Q3 '24 (-$0.27) ➡️ Q2 '26 (+$0.01)
• **Cash Flow:** $1.75B Free Cash Flow TTM
• **Consensus Fair Value:** $21.42 (Fairly Valued band)

*Educational publication under Section 202(a)(11)(D) Advisers Act. Not personalized financial advice.*

[2026-10-04T19:14:44.603Z] Broadcast for $INIO:
[SocialDistribution] Starting broadcast for $INIO (https://equisight-alpha.com/reports/inio-nv-surges-fundamental-valuation-deep-dive)...
[Twitter] Mock mode active: Generated thread for $INIO:
   [Tweet 1] $INIO (INNIO N.V.) gained +9.35% today to close at $19.99 on the Nasdaq Global Select Market with 5.54M shares traded (1.17x RVOL). Not classified as a penny stock. Here is the institutional breakdown of the fundamental data behind the move: 🧵👇
   [Tweet 2] Key fundamental metrics: $8.48B TTM Revenue, 34.3% Gross Margin, and $1.75B in self-sustaining Free Cash Flow. Balance sheet holds $4.50B in cash vs $3.00B Total Debt (Net Debt: $2.00B). Debt contracted 4.2% YoY with long-term debt comprising 72% of obligations. Trailing P/E sits at 103.9x.
   [Tweet 3] Turnaround trajectory: EPS shifted from -$0.09 in Q3 2024 to $0.19 in Q2 2026 over an 8-quarter turnaround. Consensus 8-model fair value stands at $32.09 (DCF: $33.82, Asset Floor: $27.18). Read the complete institutional research report here: [Link]
[Reddit] Mock mode active: Title: "[Deep Dive] $INIO: Fundamental Breakdown Following Today's 9.4% Move" to r/stocks
[Telegram] Mock mode: Broadcast payload: 🚨 **$INIO Research Update**: INNIO N.V. moved +9.35% to $19.99 on the Nasdaq Global Select Market on 5.54M shares (1.17x RVOL). Fundamentals show $8.48B revenue, $1.75B TTM Free Cash Flow, and $4.50B cash against $3.00B debt. 8-Quarter EPS advanced from -$0.09 to $0.19. Multi-model consensus fair value models at $32.09. General educational research only.

[2026-10-04T19:15:34.904Z] Broadcast for $ALGM:
[SocialDistribution] Starting broadcast for $ALGM (https://equisight-alpha.com/reports/allegro-microsystems-algm-surge-valuation-analysis)...
[Twitter] Mock mode active: Generated thread for $ALGM:
   [Tweet 1] $ALGM (Allegro MicroSystems) surged +8.66% today to close at $39.53 on Nasdaq Global Select, printing 5.9M shares (2.44x 90d average volume). Not a penny stock ($7.37B cap). Here is the institutional breakdown of today's price action and fundamental drivers: 🧵👇
   [Tweet 2] Key fundamental takeaway for $ALGM: While trailing P/E sits at 518.87x due to cyclical trough net income ($0.07B), Forward P/E compresses to 28.77x. Why? 8 straight quarters of sequential EPS expansion (-$0.04 in Q3'24 to +$0.24 in Q2'26) and $1.75B in TTM Free Cash Flow. 📊
   [Tweet 3] Solvency stress test: $ALGM holds $4.50B in cash vs $3.00B total debt (net debt $2.00B), with debt down 4.2% YoY and a 3.45 current ratio. Our multi-model consensus yields a $50.03 fair value benchmark (+26.6% upside). Full institutional report: [LinkPlaceholder]
[Reddit] Mock mode active: Title: "[Deep Dive] $ALGM: Fundamental Breakdown Following Today's 8.7% Move" to r/stocks
[Telegram] Mock mode: Broadcast payload: 🚨 **$ALGM Alert**: Allegro MicroSystems, Inc. advanced +8.66% today to close at $39.53 on the Nasdaq Global Select Market on 2.44x average volume (5.90M shares).

📌 **Key Fundamental Takeaways:**
- **Capital Structure:** $4.50B Cash vs. $3.00B Total Debt (Net Debt $2.00B, Debt/Equity 0.65, Current Ratio 3.45).
- **Profitability:** Gross Margin 47.2%, TTM FCF $1.75B, Operating Cash Flow $2.27B.
- **Turnaround Track Record:** 8 consecutive quarters of EPS expansion (-$0.04 in Q3'24 to +$0.24 in Q2'26), compressing Forward P/E to 28.77x (vs. 518.87x Trailing P/E).
- **Consensus Fair Value:** $50.03 (+26.6% implied upside against multi-model framework).

*Educational & institutional research publication under the Publisher's Exemption. Not individual investment advice.*

[2026-10-04T19:17:09.507Z] Broadcast for $AXGN:
[SocialDistribution] Starting broadcast for $AXGN (https://equisight-alpha.com/reports/axgn-loss-6-percent-fundamental-analysis)...
[Twitter] Mock mode active: Generated thread for $AXGN:
   [Tweet 1] 1/3 📊 $AXGN closed -6.3% at $37.39 on Nasdaq Global Select Market (Vol: 3.1M). Fundamental breakdown: 🧵👇
   [Tweet 2] 2/3 🔍 Multi-model valuation target stands at $40.13 (Fairly Valued). TTM Revenue: $1.0B with -11.8% operating margin and $1.8B FCF.
   [Tweet 3] 3/3 ⚖️ Balance sheet carries $840M in short-term debt vs $4.5B cash. Read the full deep dive: https://equisight-alpha.com/reports/axgn-loss-6-percent-fundamental-analysis
[Reddit] Mock mode active: Title: "[Deep Dive] $AXGN: Fundamental & Balance Sheet Breakdown Following Today's -6.3% Move" to r/stocks
[Telegram] Mock mode: Broadcast payload: 🚨 **$AXGN Session Analysis**: AXGN shifted -6.3% to $37.39 on Nasdaq Global Select Market. Consensus Fair Value: $40.13 (Fairly Valued). Read report: https://equisight-alpha.com/reports/axgn-loss-6-percent-fundamental-analysis

[2026-10-04T19:18:51.616Z] Broadcast for $EPAM:
[SocialDistribution] Starting broadcast for $EPAM (https://equisight-alpha.com/reports/epam-loss-5-percent-fundamental-analysis)...
[Twitter] Mock mode active: Generated thread for $EPAM:
   [Tweet 1] 1/3 📊 $EPAM closed -5.3% at $108.29 on New York Stock Exchange (Vol: 1.1M). Fundamental breakdown: 🧵👇
   [Tweet 2] 2/3 🔍 Multi-model valuation target stands at $119.84 (Fairly Valued). TTM Revenue: $60.0B with 10.0% operating margin and $1.8B FCF.
   [Tweet 3] 3/3 ⚖️ Balance sheet carries $840M in short-term debt vs $4.5B cash. Read the full deep dive: https://equisight-alpha.com/reports/epam-loss-5-percent-fundamental-analysis
[Reddit] Mock mode active: Title: "[Deep Dive] $EPAM: Fundamental & Balance Sheet Breakdown Following Today's -5.3% Move" to r/stocks
[Telegram] Mock mode: Broadcast payload: 🚨 **$EPAM Session Analysis**: EPAM shifted -5.3% to $108.29 on New York Stock Exchange. Consensus Fair Value: $119.84 (Fairly Valued). Read report: https://equisight-alpha.com/reports/epam-loss-5-percent-fundamental-analysis

[2026-10-04T19:19:34.210Z] Broadcast for $UTHR:
[SocialDistribution] Starting broadcast for $UTHR (https://equisight-alpha.com/reports/uthr-stock-drops-valuation-fundamental-deep-dive)...
[Twitter] Mock mode active: Generated thread for $UTHR:
   [Tweet 1] $UTHR (-5.19% to $541.70) on Nasdaq Global Select: Volume expanded to 1.12M shares (1.79x RVOL) as market participants digested insider transaction disclosures and patent litigation dynamics. Here is the institutional balance sheet and valuation breakdown 🧵👇
   [Tweet 2] 1/ Fundamental Health Check: United Therapeutics maintains an 86.1% Gross Margin and 44.4% Operating Margin. TTM Free Cash Flow reached $1.75B, supported by $4.50B in cash and equivalents against $0.84B in short-term debt (Current Ratio: 6.60). Trailing P/E sits at 17.41x vs 5Y avg 18.80x.
   [Tweet 3] 2/ Multi-Model Valuation: Our 8-model engine models DCF at $570.32, Excess Returns (EVA) at $565.22, and Liquidation Floor at $458.29. Synthesized Consensus Fair Value stands at $541.04 vs current $541.70 (Fairly Valued). Full research report: [Link]
[Reddit] Mock mode active: Title: "[Deep Dive] $UTHR: Fundamental Breakdown Following Today's -5.2% Move" to r/stocks
[Telegram] Mock mode: Broadcast payload: 🚨 **$UTHR Alert**: United Therapeutics Corporation closed down 5.19% at $541.70 on the Nasdaq Global Select Market on 1.79x relative volume (1.12M shares). Key metrics: TTM Free Cash Flow of $1.75B, Gross Margin of 86.1%, Cash of $4.50B vs $0.84B short-term debt, and a Consensus Fair Value of $541.04. Rating: Fairly Valued. Full deep dive available.

[2026-10-04T19:20:19.478Z] Broadcast for $TNGX:
[SocialDistribution] Starting broadcast for $TNGX (https://equisight-alpha.com/reports/tango-therapeutics-tngx-drops-fundamental-valuation-deep-dive)...
[Twitter] Mock mode active: Generated thread for $TNGX:
   [Tweet 1] 1/4 📊 Institutional Equity Deep Dive: $TNGX (Tango Therapeutics, Inc.) declined -4.95% today to $23.24 on the Nasdaq Global Select Market. Session volume spiked to 5.25M shares (2.02x RVOL). Here is our fundamental and solvency breakdown. 👇
   [Tweet 2] 2/4 🔬 Financial Divergence: While GAAP net income reflects $-7.56B TTM (operating margin: -165.9%), cash flow generation tells a divergent story. Operating Cash Flow stood at $2.27B, converting to $1.75B in positive Free Cash Flow, supported by a $4.50B cash reserve.
   [Tweet 3] 3/4 ⚖️ Solvency Profile: Total debt stands at $3.00B (Short: $0.84B / Long: $2.16B), contracting 4.2% YoY. With D/E at 0.65 and Current Ratio at 7.00x, solvency risk remains low despite a 4.22% US 10-Yr yield environment.
   [Tweet 4] 4/4 🎯 Valuation Engine: Across 8 valuation models (DCF: $23.00, DDM: $19.51, Multiples: $22.18, PEG: $23.42), Consensus Fair Value settles at $21.82. Verdict: Fairly Valued (+6.5% spread). Full report: https://research.equityportal.com/tngx-analysis
[Reddit] Mock mode active: Title: "[Deep Dive] $TNGX: Fundamental & Valuation Breakdown Following Today's -4.95% Move" to r/stocks
[Telegram] Mock mode: Broadcast payload: 🚨 **$TNGX Equity Alert**: Tango Therapeutics, Inc. declined -4.95% to $23.24 on the Nasdaq Global Select Market on 2.02x RVOL (5.25M shares). Key fundamentals: $4.50B cash reserves cushion $3.00B total debt (D/E: 0.65, Current Ratio: 7.0x). Trailing FCF printed at a positive $1.75B against GAAP net losses of $-7.56B. Consensus multi-model fair value stands at $21.82 (Verdict: Fairly Valued).

[2026-10-04T19:21:22.438Z] Broadcast for $QBTS:
[SocialDistribution] Starting broadcast for $QBTS (https://equisight-alpha.com/reports/qbts-drops-4-77-fundamental-valuation-deep-dive)...
[Twitter] Mock mode active: Generated thread for $QBTS:
   [Tweet 1] 1/4 📊 Institutional Analysis: D-Wave Quantum Inc. ($QBTS) moved -4.77% today to settle at $15.77 on the Nasdaq Global Select Market. Trading volume reached 20.2M shares (1.2x RVOL). Here is the fundamental deep dive into its balance sheet, debt structure, and valuation. 🧵👇
   [Tweet 2] 2/4 🔬 Financial Architecture: Despite -$100.08B in GAAP net income driven by accounting items, $QBTS generated $1.75B in Free Cash Flow with a 64.2% Gross Margin. Cash reserves stand at $4.50B against $3.00B in total debt (D/E: 0.65, Current Ratio: 42.38). Sequential EPS loss contracted by $0.04/quarter over 8 periods.
   [Tweet 3] 3/4 ⚖️ Multi-Model Valuation: Across 8 independent valuation frameworks (DCF, DDM, PEG, RIM, Multiples, Asset-Based, Pipeline, Excess Return), consensus fair value synthesizes at $31.61 vs current $15.77 market price. Macro backdrop: Fed Funds at 4.75%, 10Y Yield at 4.22%.
   [Tweet 4] 4/4 📑 Full institutional report, solvency stress test, and evidence-based Bull & Bear deduction chains: [Link Placeholder] | General educational content under Publisher's Exemption (Sec 202(a)(11)(D)). Not personalized investment advice.
[Reddit] Mock mode active: Title: "[Deep Dive] $QBTS: Fundamental Breakdown Following Today's -4.8% Move" to r/stocks
[Telegram] Mock mode: Broadcast payload: 🚨 **$QBTS Alert**: D-Wave Quantum Inc. declined -4.77% today to $15.77 on the Nasdaq Global Select Market (Volume: 20.2M, 1.2x RVOL). Balance Sheet Check: $4.50B Cash vs $3.00B Debt (Current Ratio: 42.38, D/E: 0.65). TTM Free Cash Flow: $1.75B with 64.2% Gross Margin. 8-model fundamental consensus fair value: $31.61.

[2026-10-04T19:22:07.588Z] Broadcast for $OZSC:
[SocialDistribution] Starting broadcast for $OZSC (https://equisight-alpha.com/reports/ozsc-stock-surges-fundamental-valuation-deep-dive)...
[Twitter] Mock mode active: Generated thread for $OZSC:
   [Tweet 1] $OZSC (Ozop Energy Solutions) surged +23.30% today on OTC Markets Pink Sheets, trading 14.7M shares (12.25x RVOL). Despite the rally, our quantitative sentiment model clocked -1.00 (100% bearish) amid severe artificial inflation risks and post-reverse split dilution. 🧵👇
   [Tweet 2] Balance Sheet Stress: $OZSC carries a critical Current Ratio of 0.0109, with Short-Term Debt of $1.95B out of $3.00B Total Debt (Short/Long ratio 1.86). Convertible promissory note facilities present immense dilution risk in a 4.75% Fed Funds regime.
   [Tweet 3] Valuation Engine: 8-model framework yields a theoretical consensus fair value of $1.23 (DCF $1.35, DDM $0.40, Multiples $1.25), but OTC liquidity discounts and dilution mechanics remain paramount. Read the full institutional deep dive: [Link]
[Reddit] Mock mode active: Title: "[Deep Dive] $OZSC: Fundamental Breakdown Following Today's +23.3% Move on OTC Pink Sheets" to r/stocks
[Telegram] Mock mode: Broadcast payload: 🚨 **$OZSC Alert**: Ozop Energy Solutions, Inc. moved +23.30% today on OTC Markets Pink Sheets with 14.70M volume (12.25x RVOL). Current Ratio sits at 0.0109 with $1.95B short-term debt. Reverse split dilution overhang persists. Consensus valuation model: $1.23.

[2026-10-04T19:23:38.307Z] Broadcast for $PROG:
[SocialDistribution] Starting broadcast for $PROG (https://equisight-alpha.com/reports/prog-gain-22-percent-fundamental-analysis)...
[Twitter] Mock mode active: Generated thread for $PROG:
   [Tweet 1] 1/3 📊 $PROG closed +22.1% at $0.72 on Nasdaq Capital Market (Vol: 9.9M). Fundamental breakdown: 🧵👇
   [Tweet 2] 2/3 🔍 Multi-model valuation target stands at $0.76 (Fairly Valued). TTM Revenue: $0.0B with -9449.6% operating margin and $1.8B FCF.
   [Tweet 3] 3/3 ⚖️ Balance sheet carries $1950M in short-term debt vs $4.5B cash. Read the full deep dive: https://equisight-alpha.com/reports/prog-gain-22-percent-fundamental-analysis
[Reddit] Mock mode active: Title: "[Deep Dive] $PROG: Fundamental & Balance Sheet Breakdown Following Today's +22.1% Move" to r/stocks
[Telegram] Mock mode: Broadcast payload: 🚨 **$PROG Session Analysis**: PROG shifted +22.1% to $0.72 on Nasdaq Capital Market. Consensus Fair Value: $0.76 (Fairly Valued). Read report: https://equisight-alpha.com/reports/prog-gain-22-percent-fundamental-analysis

[2026-10-04T19:24:30.888Z] Broadcast for $JAGX:
[SocialDistribution] Starting broadcast for $JAGX (https://equisight-alpha.com/reports/jaguar-health-inc-jagx-drops-21-60-fundamental-valuation-deep-dive)...
[Twitter] Mock mode active: Generated thread for $JAGX:
   [Tweet 1] $JAGX (-21.6% to $0.12) Institutional Research Deep Dive 🧵

Jaguar Health drops sharply on the Nasdaq Capital Market on 10.7M volume (8.92x RVOL) following market absorption of its Series R Preferred stock dividend and ongoing capital restructuring.

Full fundamental breakdown below 👇
   [Tweet 2] 2/ Key Fundamental Diagnostics:
• Market Cap: ~$0.01B
• Gross Margin: 82.3% (vs 55.4% sector avg)
• Operating Margin: -107.9%
• Cash Reserves: $4.50B vs $3.00B Total Debt
• Short-Term Debt: $1.95B (Current Ratio: 0.5004)
• 8-Qtr EPS: Narrowed from -$0.08 to -$0.01
   [Tweet 3] 3/ Multi-Model Valuation & Thesis:
• Multi-model consensus fair value: $781.24 (reflects asset-based / rNPV inputs vs $0.12 spot)
• Spot discount driven by dilution fears & $1.95B near-term debt wall
• Macro rates (Fed Funds 4.75%) limit cheap refinancing

Full report: [link]
[Reddit] Mock mode active: Title: "[Deep Dive] $JAGX: Fundamental Breakdown Following Today's -21.6% Move" to r/stocks
[Telegram] Mock mode: Broadcast payload: 🚨 **$JAGX Alert**: Jaguar Health, Inc. dropped -21.60% today to close at $0.12 on the Nasdaq Capital Market on 10.70M volume (8.92x RVOL). Key fundamental highlights: Gross Margin of 82.3%, $4.50B cash reserves offset by $1.95B short-term debt wall (Current Ratio: 0.5004), and 8-quarter EPS losses narrowing from -$0.08 to -$0.01. Multi-model consensus fair value sits at $781.24, with spot prices reflecting severe dilution discounts.

[2026-10-04T19:25:10.950Z] Broadcast for $BBAI:
[SocialDistribution] Starting broadcast for $BBAI (https://equisight-alpha.com/reports/bbai-drops-20-80-percent-fundamental-valuation-deep-dive)...
[Twitter] Mock mode active: Generated thread for $BBAI:
   [Tweet 1] $BBAI dropped -20.80% today to close at $1.85 on the NYSE American, trading on 5.9M volume (4.92x 90d average). Is this a market overreaction or structural solvency stress? Here is our institutional fundamental deep dive. 🧵👇
   [Tweet 2] 1/ Balance Sheet & Debt: $BBAI maintains $4.50B in cash vs $3.00B total debt ($0.84B short-term / $2.16B long-term). While net debt is $2.00B and Debt-to-Equity is 0.65, the Current Ratio of 0.4631 signals near-term working capital friction in a 4.75% Fed funds regime.
   [Tweet 3] 2/ Profitability & Valuation: Operating margin remains compressed at -129.9%, yet TTM Free Cash Flow is positive at $1.75B. Our 8-model valuation framework yields a Consensus Fair Value of $6.36, highlighting significant asymmetry against current trading prices. Full research report: [Link]
[Reddit] Mock mode active: Title: "[Deep Dive] $BBAI: Fundamental Breakdown Following Today's -20.8% Move" to r/stocks
[Telegram] Mock mode: Broadcast payload: 🚨 **$BBAI Alert**: BigBear.ai Holdings, Inc. moved -20.80% today to close at $1.85 on NYSE American on 5.9M volume (4.92x RVOL). Balance Sheet reveals $4.50B in cash reserves against $3.00B total debt (D/E: 0.65, Current Ratio: 0.4631). Despite a -129.9% GAAP operating margin, TTM Free Cash Flow sits at $1.75B. Institutional Consensus Fair Value modeled at $6.36. Full report available.

[2026-10-04T19:25:56.495Z] Broadcast for $HCMC:
[SocialDistribution] Starting broadcast for $HCMC (https://equisight-alpha.com/reports/hcmc-drops-16-8-percent-fundamental-valuation-analysis)...
[Twitter] Mock mode active: Generated thread for $HCMC:
   [Tweet 1] 1/4 Equity Deep Dive: $HCMC (Healthier Choices Management Corp.) dropped -16.80% in today's session on OTC Markets Pink Sheets, with volume surging 11.58x above normal to 13.9M shares. Here is the institutional breakdown of the move. 📊
   [Tweet 2] 2/4 Solvency & Operations: Despite reported gross cash of $4.50B, $HCMC carries $3.00B in debt ($1.95B due short-term) with a Current Ratio of 0.8425. Operating margin remains deeply negative at -269,078.3%, creating substantial dilution risk via convertible notes.
   [Tweet 3] 3/4 Valuation & EPS: On an 8-quarter basis, EPS deficits have steadily narrowed from -$0.08 (Q3 '24) to -$0.01 (Q2 '26). Institutional multi-model consensus yields a theoretical fair value of $1.23, contrasting sharply with sub-penny market distress pricing.
   [Tweet 4] 4/4 In-depth analysis on $HCMC balance sheet stress tests, macroeconomic capital costs (4.75% Fed Funds), and bull/bear theses: [Read Full Institutional Report]
[Reddit] Mock mode active: Title: "[Deep Dive] $HCMC: Fundamental Breakdown Following Today's -16.8% Move" to r/stocks
[Telegram] Mock mode: Broadcast payload: 🚨 **$HCMC Alert**: Healthier Choices Management Corp. moved -16.80% today on OTC Markets Pink Sheets with an 11.58x volume surge (13.9M shares). Capital structure shows $1.95B in near-term debt against a Current Ratio of 0.8425 and an 8-quarter EPS narrowing trend (-$0.08 to -$0.01). Consensus valuation models indicate $1.23 theoretical NAV vs distress pricing.
